
> multi-channel-platform-frontend@1.0.0 test
> vitest


 RUN  v3.2.4 /home/user/Multi-Channel-Integration-System/frontend

stdout | tests/e2e/reports-system.test.ts
🌍 [Frontend Tests] Timezone standardized to UTC

stdout | src/integration/auth-flow.test.ts
🌍 [Frontend Tests] Timezone standardized to UTC

stdout | src/components/platform/PlatformStatus.test.ts
🌍 [Frontend Tests] Timezone standardized to UTC

stdout | src/stores/conversations.test.ts
🌍 [Frontend Tests] Timezone standardized to UTC

stdout | tests/unit/components/MessageBubble-timestamp.test.ts
🌍 [Frontend Tests] Timezone standardized to UTC

stdout | tests/integration/toast-dialog-integration.test.ts
🌍 [Frontend Tests] Timezone standardized to UTC

stdout | src/stores/auth.test.ts
🌍 [Frontend Tests] Timezone standardized to UTC

stdout | src/components/conversation/MessageInput.test.ts
🌍 [Frontend Tests] Timezone standardized to UTC

stdout | tests/unit/composables/useConfirmDialog.test.ts
🌍 [Frontend Tests] Timezone standardized to UTC

stdout | src/stores/__tests__/messages.test.ts
🌍 [Frontend Tests] Timezone standardized to UTC

stdout | src/services/__tests__/websocketManager.test.ts
🌍 [Frontend Tests] Timezone standardized to UTC

stdout | src/components/ui/FileUpload.test.ts
🌍 [Frontend Tests] Timezone standardized to UTC

stdout | tests/unit/components/ConfirmDialog.test.ts
🌍 [Frontend Tests] Timezone standardized to UTC

stdout | src/services/__tests__/websocketClient.test.ts
🌍 [Frontend Tests] Timezone standardized to UTC

stdout | tests/unit/components/Toast.test.ts
🌍 [Frontend Tests] Timezone standardized to UTC

stderr | src/stores/auth.test.ts > Auth Store > should validate session correctly
[Auth] Session has expired

stdout | src/stores/auth.test.ts > Auth Store > should fetch current agent
🔄 Fetching agent data from server...

stderr | src/integration/auth-flow.test.ts > Integration: Authentication Flow > should maintain session persistence
[Auth] Session has expired

 ✓ src/stores/auth.test.ts (8 tests) 300ms
 ✓ src/integration/auth-flow.test.ts (4 tests) 296ms
stdout | src/services/__tests__/websocketClient.test.ts > WebSocketClient > 建立連接 > 應該成功建立 WebSocket 連接
[WebSocketClient] Connection state changed to: disconnected
[WebSocketClient] Performing pre-connection checks...

stdout | src/services/__tests__/websocketClient.test.ts > WebSocketClient > 建立連接 > 應該成功建立 WebSocket 連接
[WebSocketClient] Health check failed: TypeError: fetch failed, continuing anyway

stdout | src/services/__tests__/websocketClient.test.ts > WebSocketClient > 建立連接 > 應該成功建立 WebSocket 連接
[WebSocketClient] Pre-connection checks passed: Token present, Token format valid, Token structure valid, Token not expired, Token has sufficient time remaining, Health check skipped (connection error)
[WebSocketClient] Connecting to WebSocket: ws://localhost:8787/websocket
[WebSocketClient] Connection state changed to: connecting

stdout | src/services/__tests__/websocketClient.test.ts > WebSocketClient > 建立連接 > 應該成功建立 WebSocket 連接
[WebSocketClient] WebSocket connected successfully
[WebSocketClient] Connection state changed to: connected

stdout | src/services/__tests__/websocketClient.test.ts > WebSocketClient > 建立連接 > 應該成功建立 WebSocket 連接
[WebSocketClient] Disconnecting WebSocket
[WebSocketClient] Connection state changed to: disconnected

stdout | src/services/__tests__/websocketClient.test.ts > WebSocketClient > 建立連接 > 應該成功建立 WebSocket 連接
[WebSocketClient] WebSocket closed: 1000 - Client disconnect
[WebSocketClient] WebSocket closed normally
[WebSocketClient] Connection state changed to: closed

stdout | src/services/__tests__/websocketClient.test.ts > WebSocketClient > 建立連接 > 應該使用正確的 URL 連接
[WebSocketClient] Connection state changed to: disconnected
[WebSocketClient] Performing pre-connection checks...

stdout | src/services/__tests__/websocketClient.test.ts > WebSocketClient > 建立連接 > 應該使用正確的 URL 連接
[WebSocketClient] Health check failed: TypeError: fetch failed, continuing anyway

stdout | src/services/__tests__/websocketClient.test.ts > WebSocketClient > 建立連接 > 應該使用正確的 URL 連接
[WebSocketClient] Pre-connection checks passed: Token present, Token format valid, Token structure valid, Token not expired, Token has sufficient time remaining, Health check skipped (connection error)
[WebSocketClient] Connecting to WebSocket: ws://localhost:8787/websocket
[WebSocketClient] Connection state changed to: connecting

stdout | src/services/__tests__/websocketClient.test.ts > WebSocketClient > 建立連接 > 應該使用正確的 URL 連接
[WebSocketClient] WebSocket connected successfully
[WebSocketClient] Connection state changed to: connected

stdout | src/services/__tests__/websocketClient.test.ts > WebSocketClient > 建立連接 > 應該使用正確的 URL 連接
[WebSocketClient] Disconnecting WebSocket
[WebSocketClient] Connection state changed to: disconnected

stdout | src/services/__tests__/websocketClient.test.ts > WebSocketClient > 建立連接 > 應該使用正確的 URL 連接
[WebSocketClient] WebSocket closed: 1000 - Client disconnect
[WebSocketClient] WebSocket closed normally
[WebSocketClient] Connection state changed to: closed

stdout | src/services/__tests__/websocketClient.test.ts > WebSocketClient > 建立連接 > 應該在連接時設置正確的狀態
[WebSocketClient] Connection state changed to: disconnected
[WebSocketClient] Performing pre-connection checks...

stdout | src/services/__tests__/websocketClient.test.ts > WebSocketClient > 建立連接 > 應該在連接時設置正確的狀態
[WebSocketClient] Health check failed: TypeError: fetch failed, continuing anyway

stdout | src/services/__tests__/websocketClient.test.ts > WebSocketClient > 建立連接 > 應該在連接時設置正確的狀態
[WebSocketClient] Pre-connection checks passed: Token present, Token format valid, Token structure valid, Token not expired, Token has sufficient time remaining, Health check skipped (connection error)
[WebSocketClient] Connecting to WebSocket: ws://localhost:8787/websocket
[WebSocketClient] Connection state changed to: connecting

stdout | src/services/__tests__/websocketClient.test.ts > WebSocketClient > 建立連接 > 應該在連接時設置正確的狀態
[WebSocketClient] WebSocket connected successfully
[WebSocketClient] Connection state changed to: connected

stdout | src/services/__tests__/websocketClient.test.ts > WebSocketClient > 建立連接 > 應該在連接時設置正確的狀態
[WebSocketClient] Disconnecting WebSocket
[WebSocketClient] Connection state changed to: disconnected

stdout | src/services/__tests__/websocketClient.test.ts > WebSocketClient > 建立連接 > 應該在連接時設置正確的狀態
[WebSocketClient] WebSocket closed: 1000 - Client disconnect
[WebSocketClient] WebSocket closed normally
[WebSocketClient] Connection state changed to: closed

stdout | src/services/__tests__/websocketClient.test.ts > WebSocketClient > 建立連接 > 應該在沒有 URL 時拋出錯誤
[WebSocketClient] Connection state changed to: disconnected
[WebSocketClient] Performing pre-connection checks...

stdout | src/services/__tests__/websocketClient.test.ts > WebSocketClient > 建立連接 > 應該在沒有 URL 時拋出錯誤
[WebSocketClient] Health check failed: TypeError: fetch failed, continuing anyway

stdout | src/services/__tests__/websocketClient.test.ts > WebSocketClient > 建立連接 > 應該在沒有 URL 時拋出錯誤
[WebSocketClient] Pre-connection checks passed: Token present, Token format valid, Token structure valid, Token not expired, Token has sufficient time remaining, Health check skipped (connection error)

stdout | src/services/__tests__/websocketClient.test.ts > WebSocketClient > 建立連接 > 應該在沒有 URL 時拋出錯誤
[WebSocketClient] Disconnecting WebSocket
[WebSocketClient] Connection state changed to: disconnected

stdout | src/services/__tests__/websocketClient.test.ts > WebSocketClient > 斷開連接 > 應該正常斷開連接
[WebSocketClient] Connection state changed to: disconnected
[WebSocketClient] Performing pre-connection checks...

stdout | src/services/__tests__/websocketClient.test.ts > WebSocketClient > 斷開連接 > 應該正常斷開連接
[WebSocketClient] Health check failed: TypeError: fetch failed, continuing anyway

stdout | src/services/__tests__/websocketClient.test.ts > WebSocketClient > 斷開連接 > 應該正常斷開連接
[WebSocketClient] Pre-connection checks passed: Token present, Token format valid, Token structure valid, Token not expired, Token has sufficient time remaining, Health check skipped (connection error)
[WebSocketClient] Connecting to WebSocket: ws://localhost:8787/websocket
[WebSocketClient] Connection state changed to: connecting

stdout | src/services/__tests__/websocketClient.test.ts > WebSocketClient > 斷開連接 > 應該正常斷開連接
[WebSocketClient] WebSocket connected successfully
[WebSocketClient] Connection state changed to: connected

stdout | src/services/__tests__/websocketClient.test.ts > WebSocketClient > 斷開連接 > 應該正常斷開連接
[WebSocketClient] Disconnecting WebSocket
[WebSocketClient] Connection state changed to: disconnected

stdout | src/services/__tests__/websocketClient.test.ts > WebSocketClient > 斷開連接 > 應該正常斷開連接
[WebSocketClient] Disconnecting WebSocket
[WebSocketClient] Connection state changed to: disconnected

stdout | src/services/__tests__/websocketClient.test.ts > WebSocketClient > 斷開連接 > 應該正常斷開連接
[WebSocketClient] WebSocket closed: 1000 - Client disconnect
[WebSocketClient] WebSocket closed normally
[WebSocketClient] Connection state changed to: closed

stdout | src/services/__tests__/websocketClient.test.ts > WebSocketClient > 斷開連接 > 應該清理所有計時器
[WebSocketClient] Connection state changed to: disconnected
[WebSocketClient] Performing pre-connection checks...

stdout | src/services/__tests__/websocketClient.test.ts > WebSocketClient > 斷開連接 > 應該清理所有計時器
[WebSocketClient] Health check failed: TypeError: fetch failed, continuing anyway

stdout | src/services/__tests__/websocketClient.test.ts > WebSocketClient > 斷開連接 > 應該清理所有計時器
[WebSocketClient] Pre-connection checks passed: Token present, Token format valid, Token structure valid, Token not expired, Token has sufficient time remaining, Health check skipped (connection error)
[WebSocketClient] Connecting to WebSocket: ws://localhost:8787/websocket
[WebSocketClient] Connection state changed to: connecting

stdout | src/services/__tests__/websocketClient.test.ts > WebSocketClient > 斷開連接 > 應該清理所有計時器
[WebSocketClient] WebSocket connected successfully
[WebSocketClient] Connection state changed to: connected

stdout | src/services/__tests__/websocketClient.test.ts > WebSocketClient > 斷開連接 > 應該清理所有計時器
[WebSocketClient] Disconnecting WebSocket
[WebSocketClient] Connection state changed to: disconnected

stdout | src/services/__tests__/websocketClient.test.ts > WebSocketClient > 斷開連接 > 應該清理所有計時器
[WebSocketClient] Disconnecting WebSocket
[WebSocketClient] Connection state changed to: disconnected

stdout | src/services/__tests__/websocketClient.test.ts > WebSocketClient > 斷開連接 > 應該清理所有計時器
[WebSocketClient] WebSocket closed: 1000 - Client disconnect
[WebSocketClient] WebSocket closed normally
[WebSocketClient] Connection state changed to: closed

stdout | src/services/__tests__/websocketClient.test.ts > WebSocketClient > 訊息收發 > 應該成功發送訊息
[WebSocketClient] Connection state changed to: disconnected
[WebSocketClient] Performing pre-connection checks...

stdout | src/services/__tests__/websocketClient.test.ts > WebSocketClient > 訊息收發 > 應該成功發送訊息
[WebSocketClient] Health check failed: TypeError: fetch failed, continuing anyway

stdout | src/services/__tests__/websocketClient.test.ts > WebSocketClient > 訊息收發 > 應該成功發送訊息
[WebSocketClient] Pre-connection checks passed: Token present, Token format valid, Token structure valid, Token not expired, Token has sufficient time remaining, Health check skipped (connection error)
[WebSocketClient] Connecting to WebSocket: ws://localhost:8787/websocket
[WebSocketClient] Connection state changed to: connecting

stdout | src/services/__tests__/websocketClient.test.ts > WebSocketClient > 訊息收發 > 應該成功發送訊息
[WebSocketClient] WebSocket connected successfully
[WebSocketClient] Connection state changed to: connected

stdout | src/services/__tests__/websocketClient.test.ts > WebSocketClient > 訊息收發 > 應該成功發送訊息
[WebSocketClient] Message sent: test

stdout | src/services/__tests__/websocketClient.test.ts > WebSocketClient > 訊息收發 > 應該成功發送訊息
[WebSocketClient] Disconnecting WebSocket
[WebSocketClient] Connection state changed to: disconnected

stdout | src/services/__tests__/websocketClient.test.ts > WebSocketClient > 訊息收發 > 應該成功發送訊息
[WebSocketClient] WebSocket closed: 1000 - Client disconnect
[WebSocketClient] WebSocket closed normally
[WebSocketClient] Connection state changed to: closed

stdout | src/services/__tests__/websocketClient.test.ts > WebSocketClient > 訊息收發 > 應該接收並處理訊息
[WebSocketClient] Connection state changed to: disconnected
[WebSocketClient] Performing pre-connection checks...

stdout | src/services/__tests__/websocketClient.test.ts > WebSocketClient > 訊息收發 > 應該接收並處理訊息
[WebSocketClient] Health check failed: TypeError: fetch failed, continuing anyway

stdout | src/services/__tests__/websocketClient.test.ts > WebSocketClient > 訊息收發 > 應該接收並處理訊息
[WebSocketClient] Pre-connection checks passed: Token present, Token format valid, Token structure valid, Token not expired, Token has sufficient time remaining, Health check skipped (connection error)
[WebSocketClient] Connecting to WebSocket: ws://localhost:8787/websocket
[WebSocketClient] Connection state changed to: connecting

stdout | src/services/__tests__/websocketClient.test.ts > WebSocketClient > 訊息收發 > 應該接收並處理訊息
[WebSocketClient] WebSocket connected successfully
[WebSocketClient] Connection state changed to: connected

stdout | src/services/__tests__/websocketClient.test.ts > WebSocketClient > 訊息收發 > 應該接收並處理訊息
[WebSocketClient] Received message: conversation.new_message

stdout | src/services/__tests__/websocketClient.test.ts > WebSocketClient > 訊息收發 > 應該接收並處理訊息
[WebSocketClient] Disconnecting WebSocket
[WebSocketClient] Connection state changed to: disconnected

stdout | src/services/__tests__/websocketClient.test.ts > WebSocketClient > 訊息收發 > 應該接收並處理訊息
[WebSocketClient] WebSocket closed: 1000 - Client disconnect
[WebSocketClient] WebSocket closed normally
[WebSocketClient] Connection state changed to: closed

stdout | src/services/__tests__/websocketClient.test.ts > WebSocketClient > 訊息收發 > 應該在未連接時將訊息加入隊列
[WebSocketClient] Connection state changed to: disconnected
[WebSocketClient] Message queued (connection not ready): test

stdout | src/services/__tests__/websocketClient.test.ts > WebSocketClient > 訊息收發 > 應該在未連接時將訊息加入隊列
[WebSocketClient] Disconnecting WebSocket
[WebSocketClient] Connection state changed to: disconnected

stdout | src/services/__tests__/websocketClient.test.ts > WebSocketClient > 訊息收發 > 應該在連接後發送隊列中的訊息
[WebSocketClient] Connection state changed to: disconnected
[WebSocketClient] Message queued (connection not ready): msg1
[WebSocketClient] Message queued (connection not ready): msg2
[WebSocketClient] Performing pre-connection checks...

stdout | src/services/__tests__/websocketClient.test.ts > WebSocketClient > 訊息收發 > 應該在連接後發送隊列中的訊息
[WebSocketClient] Health check failed: TypeError: fetch failed, continuing anyway

stdout | src/services/__tests__/websocketClient.test.ts > WebSocketClient > 訊息收發 > 應該在連接後發送隊列中的訊息
[WebSocketClient] Pre-connection checks passed: Token present, Token format valid, Token structure valid, Token not expired, Token has sufficient time remaining, Health check skipped (connection error)
[WebSocketClient] Connecting to WebSocket: ws://localhost:8787/websocket
[WebSocketClient] Connection state changed to: connecting

stdout | src/services/__tests__/websocketClient.test.ts > WebSocketClient > 訊息收發 > 應該在連接後發送隊列中的訊息
[WebSocketClient] WebSocket connected successfully
[WebSocketClient] Connection state changed to: connected
[WebSocketClient] Processing message queue: 2 messages
[WebSocketClient] Message sent: msg1
[WebSocketClient] Message sent: msg2

stdout | src/services/__tests__/websocketClient.test.ts > WebSocketClient > 訊息收發 > 應該在連接後發送隊列中的訊息
[WebSocketClient] Disconnecting WebSocket
[WebSocketClient] Connection state changed to: disconnected

stdout | src/services/__tests__/websocketClient.test.ts > WebSocketClient > 訊息收發 > 應該在連接後發送隊列中的訊息
[WebSocketClient] WebSocket closed: 1000 - Client disconnect
[WebSocketClient] WebSocket closed normally
[WebSocketClient] Connection state changed to: closed

stdout | src/services/__tests__/websocketClient.test.ts > WebSocketClient > 訊息收發 > 應該限制訊息隊列大小
[WebSocketClient] Connection state changed to: disconnected
[WebSocketClient] Message queued (connection not ready): msg0
[WebSocketClient] Message queued (connection not ready): msg1
[WebSocketClient] Message queued (connection not ready): msg2
[WebSocketClient] Message queued (connection not ready): msg3
[WebSocketClient] Message queued (connection not ready): msg4
[WebSocketClient] Message queue full, removed oldest message
[WebSocketClient] Message queued (connection not ready): msg5
[WebSocketClient] Message queue full, removed oldest message
[WebSocketClient] Message queued (connection not ready): msg6
[WebSocketClient] Message queue full, removed oldest message
[WebSocketClient] Message queued (connection not ready): msg7

stdout | src/services/__tests__/websocketClient.test.ts > WebSocketClient > 訊息收發 > 應該限制訊息隊列大小
[WebSocketClient] Disconnecting WebSocket
[WebSocketClient] Connection state changed to: disconnected

stdout | src/services/__tests__/websocketClient.test.ts > WebSocketClient > 重連機制 > 應該在連接斷開後自動重連
[WebSocketClient] Connection state changed to: disconnected
[WebSocketClient] Performing pre-connection checks...

stdout | src/services/__tests__/websocketClient.test.ts > WebSocketClient > 重連機制 > 應該在連接斷開後自動重連
[WebSocketClient] Health check failed: TypeError: fetch failed, continuing anyway

stdout | src/services/__tests__/websocketClient.test.ts > WebSocketClient > 重連機制 > 應該在連接斷開後自動重連
[WebSocketClient] Pre-connection checks passed: Token present, Token format valid, Token structure valid, Token not expired, Token has sufficient time remaining, Health check skipped (connection error)
[WebSocketClient] Connecting to WebSocket: ws://localhost:8787/websocket
[WebSocketClient] Connection state changed to: connecting

stdout | src/services/__tests__/websocketClient.test.ts > WebSocketClient > 重連機制 > 應該在連接斷開後自動重連
[WebSocketClient] WebSocket connected successfully
[WebSocketClient] Connection state changed to: connected

stdout | src/services/__tests__/websocketClient.test.ts > WebSocketClient > 重連機制 > 應該在連接斷開後自動重連
[WebSocketClient] WebSocket closed: 1006 - Abnormal closure
[WebSocketClient] WebSocket abnormal closure (1006) - likely authentication or connection issue
[WebSocketClient] Connection state changed to: error
[WebSocketClient] Connection state changed to: reconnecting
[WebSocketClient] Reconnecting in 2000ms (attempt 1/10)

stdout | src/services/__tests__/websocketClient.test.ts > WebSocketClient > 重連機制 > 應該在連接斷開後自動重連
[WebSocketClient] Disconnecting WebSocket
[WebSocketClient] Connection state changed to: disconnected

stdout | src/services/__tests__/websocketClient.test.ts > WebSocketClient > 重連機制 > 應該在連接斷開後自動重連
[WebSocketClient] WebSocket closed: 1000 - Client disconnect
[WebSocketClient] WebSocket closed normally
[WebSocketClient] Connection state changed to: closed

stdout | src/services/__tests__/websocketClient.test.ts > WebSocketClient > 重連機制 > 應該使用指數退避策略重連
[WebSocketClient] Connection state changed to: disconnected
[WebSocketClient] Performing pre-connection checks...

stdout | src/services/__tests__/websocketClient.test.ts > WebSocketClient > 重連機制 > 應該使用指數退避策略重連
[WebSocketClient] Health check failed: TypeError: fetch failed, continuing anyway

stdout | src/services/__tests__/websocketClient.test.ts > WebSocketClient > 重連機制 > 應該使用指數退避策略重連
[WebSocketClient] Pre-connection checks passed: Token present, Token format valid, Token structure valid, Token not expired, Token has sufficient time remaining, Health check skipped (connection error)
[WebSocketClient] Connecting to WebSocket: ws://localhost:8787/websocket
[WebSocketClient] Connection state changed to: connecting

stdout | src/services/__tests__/websocketClient.test.ts > WebSocketClient > 重連機制 > 應該使用指數退避策略重連
[WebSocketClient] WebSocket connected successfully
[WebSocketClient] Connection state changed to: connected

stdout | src/services/__tests__/websocketClient.test.ts > WebSocketClient > 重連機制 > 應該使用指數退避策略重連
[WebSocketClient] WebSocket closed: 1006 - Normal closure
[WebSocketClient] WebSocket abnormal closure (1006) - likely authentication or connection issue
[WebSocketClient] Connection state changed to: error
[WebSocketClient] Connection state changed to: reconnecting
[WebSocketClient] Reconnecting in 2000ms (attempt 1/3)

stdout | src/services/__tests__/websocketClient.test.ts > WebSocketClient > 重連機制 > 應該使用指數退避策略重連
[WebSocketClient] WebSocket closed: 1006 - Normal closure
[WebSocketClient] WebSocket abnormal closure (1006) - likely authentication or connection issue
[WebSocketClient] Connection state changed to: error
[WebSocketClient] Connection state changed to: reconnecting
[WebSocketClient] Reconnecting in 2000ms (attempt 2/3)

stdout | src/services/__tests__/websocketClient.test.ts > WebSocketClient > 重連機制 > 應該使用指數退避策略重連
[WebSocketClient] Error during token refresh: TypeError: authStore.shouldRefreshToken is not a function
[WebSocketClient] Connection state changed to: error

stdout | src/services/__tests__/websocketClient.test.ts > WebSocketClient > 重連機制 > 應該使用指數退避策略重連
[WebSocketClient] Error during token refresh: TypeError: authStore.shouldRefreshToken is not a function
[WebSocketClient] Connection state changed to: error

stdout | src/services/__tests__/websocketClient.test.ts > WebSocketClient > 重連機制 > 應該使用指數退避策略重連
[WebSocketClient] WebSocket closed: 1006 - Normal closure
[WebSocketClient] WebSocket abnormal closure (1006) - likely authentication or connection issue
[WebSocketClient] Connection state changed to: error
[WebSocketClient] Connection state changed to: reconnecting
[WebSocketClient] Reconnecting in 2000ms (attempt 3/3)

stdout | src/services/__tests__/websocketClient.test.ts > WebSocketClient > 重連機制 > 應該使用指數退避策略重連
[WebSocketClient] Error during token refresh: TypeError: authStore.shouldRefreshToken is not a function
[WebSocketClient] Connection state changed to: error

 ❯ src/services/__tests__/websocketManager.test.ts (34 tests | 34 failed) 32ms
   × WebSocketManager > 連接管理 > 應該成功建立連接 10ms
     → this.client.setEventHandlers is not a function
     → Cannot read properties of undefined (reading 'disconnect')
   × WebSocketManager > 連接管理 > 應該在沒有 token 時拋出錯誤 1ms
     → this.client.setEventHandlers is not a function
     → Cannot read properties of undefined (reading 'disconnect')
   × WebSocketManager > 連接管理 > 應該正確斷開連接 1ms
     → this.client.setEventHandlers is not a function
     → Cannot read properties of undefined (reading 'disconnect')
   × WebSocketManager > 連接管理 > 應該在連接時開始計算運行時間 1ms
     → this.client.setEventHandlers is not a function
     → Cannot read properties of undefined (reading 'disconnect')
   × WebSocketManager > 連接管理 > 應該在斷開時停止運行時間計算 1ms
     → this.client.setEventHandlers is not a function
     → Cannot read properties of undefined (reading 'disconnect')
   × WebSocketManager > 會話訂閱管理 > 應該成功訂閱會話 1ms
     → this.client.setEventHandlers is not a function
     → Cannot read properties of undefined (reading 'disconnect')
   × WebSocketManager > 會話訂閱管理 > 應該成功取消訂閱會話 1ms
     → this.client.setEventHandlers is not a function
     → Cannot read properties of undefined (reading 'disconnect')
   × WebSocketManager > 會話訂閱管理 > 應該防止重複訂閱同一個會話 1ms
     → this.client.setEventHandlers is not a function
     → Cannot read properties of undefined (reading 'disconnect')
   × WebSocketManager > 會話訂閱管理 > 應該支持同時訂閱多個會話 1ms
     → this.client.setEventHandlers is not a function
     → Cannot read properties of undefined (reading 'disconnect')
   × WebSocketManager > 會話訂閱管理 > 應該返回當前訂閱的會話列表 0ms
     → this.client.setEventHandlers is not a function
     → Cannot read properties of undefined (reading 'disconnect')
   × WebSocketManager > 訊息處理 > 應該處理新訊息事件 0ms
     → this.client.setEventHandlers is not a function
     → Cannot read properties of undefined (reading 'disconnect')
   × WebSocketManager > 訊息處理 > 應該處理會話更新事件 0ms
     → this.client.setEventHandlers is not a function
     → Cannot read properties of undefined (reading 'disconnect')
   × WebSocketManager > 訊息處理 > 應該過濾非訂閱會話的訊息 0ms
     → this.client.setEventHandlers is not a function
     → Cannot read properties of undefined (reading 'disconnect')
   × WebSocketManager > 打字指示器 > 應該處理打字開始事件 0ms
     → this.client.setEventHandlers is not a function
     → Cannot read properties of undefined (reading 'disconnect')
   × WebSocketManager > 打字指示器 > 應該處理打字停止事件 0ms
     → this.client.setEventHandlers is not a function
     → Cannot read properties of undefined (reading 'disconnect')
   × WebSocketManager > 打字指示器 > 應該支持多個用戶同時打字 0ms
     → this.client.setEventHandlers is not a function
     → Cannot read properties of undefined (reading 'disconnect')
   × WebSocketManager > 打字指示器 > 應該返回指定會話的打字用戶列表 0ms
     → this.client.setEventHandlers is not a function
     → Cannot read properties of undefined (reading 'disconnect')
   × WebSocketManager > 用戶在線狀態 > 應該處理用戶在線狀態更新 0ms
     → this.client.setEventHandlers is not a function
     → Cannot read properties of undefined (reading 'disconnect')
   × WebSocketManager > 用戶在線狀態 > 應該處理用戶離線狀態 0ms
     → this.client.setEventHandlers is not a function
     → Cannot read properties of undefined (reading 'disconnect')
   × WebSocketManager > 用戶在線狀態 > 應該返回用戶在線狀態 0ms
     → this.client.setEventHandlers is not a function
     → Cannot read properties of undefined (reading 'disconnect')
   × WebSocketManager > 用戶在線狀態 > 應該支持多個用戶在線狀態 0ms
     → this.client.setEventHandlers is not a function
     → Cannot read properties of undefined (reading 'disconnect')
   × WebSocketManager > 事件回調 > 應該支持註冊事件監聽器 0ms
     → this.client.setEventHandlers is not a function
     → Cannot read properties of undefined (reading 'disconnect')
   × WebSocketManager > 事件回調 > 應該支持註冊多個事件監聽器 0ms
     → this.client.setEventHandlers is not a function
     → Cannot read properties of undefined (reading 'disconnect')
   × WebSocketManager > 事件回調 > 應該觸發連接狀態變化回調 0ms
     → this.client.setEventHandlers is not a function
     → Cannot read properties of undefined (reading 'disconnect')
   × WebSocketManager > 事件回調 > 應該觸發錯誤回調 0ms
     → this.client.setEventHandlers is not a function
     → Cannot read properties of undefined (reading 'disconnect')
   × WebSocketManager > 統計數據 > 應該統計接收的訊息數量 5ms
     → this.client.setEventHandlers is not a function
     → Cannot read properties of undefined (reading 'disconnect')
   × WebSocketManager > 統計數據 > 應該返回訊息隊列大小 1ms
     → this.client.setEventHandlers is not a function
     → Cannot read properties of undefined (reading 'disconnect')
   × WebSocketManager > 統計數據 > 應該提供連接統計信息 0ms
     → this.client.setEventHandlers is not a function
     → Cannot read properties of undefined (reading 'disconnect')
   × WebSocketManager > 會話活動追蹤 > 應該追蹤會話活動時間 1ms
     → this.client.setEventHandlers is not a function
     → Cannot read properties of undefined (reading 'disconnect')
   × WebSocketManager > 會話活動追蹤 > 應該統計會話訊息數量 0ms
     → this.client.setEventHandlers is not a function
     → Cannot read properties of undefined (reading 'disconnect')
   × WebSocketManager > 會話活動追蹤 > 應該標記會話為活動狀態 0ms
     → this.client.setEventHandlers is not a function
     → Cannot read properties of undefined (reading 'disconnect')
   × WebSocketManager > 清理和重置 > 應該在斷開連接時清理所有訂閱 0ms
     → this.client.setEventHandlers is not a function
     → Cannot read properties of undefined (reading 'disconnect')
   × WebSocketManager > 清理和重置 > 應該在斷開連接時清理用戶狀態 0ms
     → this.client.setEventHandlers is not a function
     → Cannot read properties of undefined (reading 'disconnect')
   × WebSocketManager > 清理和重置 > 應該重置統計數據 0ms
     → this.client.setEventHandlers is not a function
     → Cannot read properties of undefined (reading 'disconnect')
stdout | src/services/__tests__/websocketClient.test.ts > WebSocketClient > 重連機制 > 應該使用指數退避策略重連
[WebSocketClient] Disconnecting WebSocket
[WebSocketClient] Connection state changed to: disconnected

stdout | src/services/__tests__/websocketClient.test.ts > WebSocketClient > 重連機制 > 應該使用指數退避策略重連
[WebSocketClient] WebSocket closed: 1000 - Client disconnect
[WebSocketClient] WebSocket closed normally
[WebSocketClient] Connection state changed to: closed

stdout | src/services/__tests__/websocketClient.test.ts > WebSocketClient > 重連機制 > 應該在達到最大重連次數後停止
[WebSocketClient] Connection state changed to: disconnected
[WebSocketClient] Performing pre-connection checks...

stdout | src/services/__tests__/websocketClient.test.ts > WebSocketClient > 重連機制 > 應該在達到最大重連次數後停止
[WebSocketClient] Health check failed: TypeError: fetch failed, continuing anyway

stdout | src/services/__tests__/websocketClient.test.ts > WebSocketClient > 重連機制 > 應該在達到最大重連次數後停止
[WebSocketClient] Pre-connection checks passed: Token present, Token format valid, Token structure valid, Token not expired, Token has sufficient time remaining, Health check skipped (connection error)
[WebSocketClient] Connecting to WebSocket: ws://localhost:8787/websocket
[WebSocketClient] Connection state changed to: connecting

stdout | src/services/__tests__/websocketClient.test.ts > WebSocketClient > 重連機制 > 應該在達到最大重連次數後停止
[WebSocketClient] WebSocket connected successfully
[WebSocketClient] Connection state changed to: connected

stdout | src/services/__tests__/websocketClient.test.ts > WebSocketClient > 重連機制 > 應該在達到最大重連次數後停止
[WebSocketClient] WebSocket closed: 1006 - Normal closure
[WebSocketClient] WebSocket abnormal closure (1006) - likely authentication or connection issue
[WebSocketClient] Connection state changed to: error
[WebSocketClient] Connection state changed to: reconnecting
[WebSocketClient] Reconnecting in 2000ms (attempt 1/3)

stdout | src/services/__tests__/websocketClient.test.ts > WebSocketClient > 重連機制 > 應該在達到最大重連次數後停止
[WebSocketClient] WebSocket closed: 1006 - Normal closure
[WebSocketClient] WebSocket abnormal closure (1006) - likely authentication or connection issue
[WebSocketClient] Connection state changed to: error
[WebSocketClient] Connection state changed to: reconnecting
[WebSocketClient] Reconnecting in 2000ms (attempt 2/3)

stdout | src/services/__tests__/websocketClient.test.ts > WebSocketClient > 重連機制 > 應該在達到最大重連次數後停止
[WebSocketClient] Error during token refresh: TypeError: authStore.shouldRefreshToken is not a function
[WebSocketClient] Connection state changed to: error

stdout | src/services/__tests__/websocketClient.test.ts > WebSocketClient > 重連機制 > 應該在達到最大重連次數後停止
[WebSocketClient] Error during token refresh: TypeError: authStore.shouldRefreshToken is not a function
[WebSocketClient] Connection state changed to: error

stdout | src/services/__tests__/websocketClient.test.ts > WebSocketClient > 重連機制 > 應該在達到最大重連次數後停止
[WebSocketClient] WebSocket closed: 1006 - Normal closure
[WebSocketClient] WebSocket abnormal closure (1006) - likely authentication or connection issue
[WebSocketClient] Connection state changed to: error
[WebSocketClient] Connection state changed to: reconnecting
[WebSocketClient] Reconnecting in 2000ms (attempt 3/3)

stdout | src/services/__tests__/websocketClient.test.ts > WebSocketClient > 重連機制 > 應該在達到最大重連次數後停止
[WebSocketClient] Error during token refresh: TypeError: authStore.shouldRefreshToken is not a function
[WebSocketClient] Connection state changed to: error

stdout | src/services/__tests__/websocketClient.test.ts > WebSocketClient > 重連機制 > 應該在達到最大重連次數後停止
[WebSocketClient] Disconnecting WebSocket
[WebSocketClient] Connection state changed to: disconnected

stdout | src/services/__tests__/websocketClient.test.ts > WebSocketClient > 重連機制 > 應該在達到最大重連次數後停止
[WebSocketClient] WebSocket closed: 1000 - Client disconnect
[WebSocketClient] WebSocket closed normally
[WebSocketClient] Connection state changed to: closed

stdout | src/services/__tests__/websocketClient.test.ts > WebSocketClient > 重連機制 > 應該在手動斷開時不自動重連
[WebSocketClient] Connection state changed to: disconnected
[WebSocketClient] Performing pre-connection checks...

stdout | src/services/__tests__/websocketClient.test.ts > WebSocketClient > 重連機制 > 應該在手動斷開時不自動重連
[WebSocketClient] Health check failed: TypeError: fetch failed, continuing anyway

stdout | src/services/__tests__/websocketClient.test.ts > WebSocketClient > 重連機制 > 應該在手動斷開時不自動重連
[WebSocketClient] Pre-connection checks passed: Token present, Token format valid, Token structure valid, Token not expired, Token has sufficient time remaining, Health check skipped (connection error)
[WebSocketClient] Connecting to WebSocket: ws://localhost:8787/websocket
[WebSocketClient] Connection state changed to: connecting

stdout | src/services/__tests__/websocketClient.test.ts > WebSocketClient > 重連機制 > 應該在手動斷開時不自動重連
[WebSocketClient] WebSocket connected successfully
[WebSocketClient] Connection state changed to: connected

stdout | src/services/__tests__/websocketClient.test.ts > WebSocketClient > 重連機制 > 應該在手動斷開時不自動重連
[WebSocketClient] Disconnecting WebSocket
[WebSocketClient] Connection state changed to: disconnected

stdout | src/services/__tests__/websocketClient.test.ts > WebSocketClient > 重連機制 > 應該在手動斷開時不自動重連
[WebSocketClient] WebSocket closed: 1000 - Client disconnect
[WebSocketClient] WebSocket closed normally
[WebSocketClient] Connection state changed to: closed

stdout | src/services/__tests__/websocketClient.test.ts > WebSocketClient > 重連機制 > 應該在手動斷開時不自動重連
[WebSocketClient] Disconnecting WebSocket
[WebSocketClient] Connection state changed to: disconnected

stdout | src/services/__tests__/websocketClient.test.ts > WebSocketClient > 心跳機制 > 應該定期發送心跳訊息
[WebSocketClient] Connection state changed to: disconnected
[WebSocketClient] Performing pre-connection checks...

stdout | src/services/__tests__/websocketClient.test.ts > WebSocketClient > 心跳機制 > 應該定期發送心跳訊息
[WebSocketClient] Health check failed: TypeError: fetch failed, continuing anyway

stdout | src/services/__tests__/websocketClient.test.ts > WebSocketClient > 心跳機制 > 應該定期發送心跳訊息
[WebSocketClient] Pre-connection checks passed: Token present, Token format valid, Token structure valid, Token not expired, Token has sufficient time remaining, Health check skipped (connection error)
[WebSocketClient] Connecting to WebSocket: ws://localhost:8787/websocket
[WebSocketClient] Connection state changed to: connecting

stdout | src/services/__tests__/websocketClient.test.ts > WebSocketClient > 心跳機制 > 應該定期發送心跳訊息
[WebSocketClient] WebSocket connected successfully
[WebSocketClient] Connection state changed to: connected

stdout | src/services/__tests__/websocketClient.test.ts > WebSocketClient > 心跳機制 > 應該定期發送心跳訊息
[WebSocketClient] Message sent: ping

stdout | src/services/__tests__/websocketClient.test.ts > WebSocketClient > 心跳機制 > 應該定期發送心跳訊息
[WebSocketClient] Disconnecting WebSocket
[WebSocketClient] Connection state changed to: disconnected

stdout | src/services/__tests__/websocketClient.test.ts > WebSocketClient > 心跳機制 > 應該定期發送心跳訊息
[WebSocketClient] WebSocket closed: 1000 - Client disconnect
[WebSocketClient] WebSocket closed normally
[WebSocketClient] Connection state changed to: closed

stdout | src/services/__tests__/websocketClient.test.ts > WebSocketClient > 心跳機制 > 應該在收到 pong 後重置心跳計時器
[WebSocketClient] Connection state changed to: disconnected
[WebSocketClient] Performing pre-connection checks...

stdout | src/services/__tests__/websocketClient.test.ts > WebSocketClient > 心跳機制 > 應該在收到 pong 後重置心跳計時器
[WebSocketClient] Health check failed: TypeError: fetch failed, continuing anyway

stdout | src/services/__tests__/websocketClient.test.ts > WebSocketClient > 心跳機制 > 應該在收到 pong 後重置心跳計時器
[WebSocketClient] Pre-connection checks passed: Token present, Token format valid, Token structure valid, Token not expired, Token has sufficient time remaining, Health check skipped (connection error)
[WebSocketClient] Connecting to WebSocket: ws://localhost:8787/websocket
[WebSocketClient] Connection state changed to: connecting

stdout | src/services/__tests__/websocketClient.test.ts > WebSocketClient > 心跳機制 > 應該在收到 pong 後重置心跳計時器
[WebSocketClient] WebSocket connected successfully
[WebSocketClient] Connection state changed to: connected

stdout | src/services/__tests__/websocketClient.test.ts > WebSocketClient > 心跳機制 > 應該在收到 pong 後重置心跳計時器
[WebSocketClient] Message sent: ping

stdout | src/services/__tests__/websocketClient.test.ts > WebSocketClient > 心跳機制 > 應該在收到 pong 後重置心跳計時器
[WebSocketClient] Received message: pong

stdout | src/services/__tests__/websocketClient.test.ts > WebSocketClient > 心跳機制 > 應該在收到 pong 後重置心跳計時器
[WebSocketClient] Disconnecting WebSocket
[WebSocketClient] Connection state changed to: disconnected

stdout | src/services/__tests__/websocketClient.test.ts > WebSocketClient > 心跳機制 > 應該在收到 pong 後重置心跳計時器
[WebSocketClient] WebSocket closed: 1000 - Client disconnect
[WebSocketClient] WebSocket closed normally
[WebSocketClient] Connection state changed to: closed

stdout | src/services/__tests__/websocketClient.test.ts > WebSocketClient > 錯誤處理 > 應該處理 WebSocket 錯誤
[WebSocketClient] Connection state changed to: disconnected
[WebSocketClient] Performing pre-connection checks...

stdout | src/services/__tests__/websocketClient.test.ts > WebSocketClient > 錯誤處理 > 應該處理 WebSocket 錯誤
[WebSocketClient] Health check failed: TypeError: fetch failed, continuing anyway

stdout | src/services/__tests__/websocketClient.test.ts > WebSocketClient > 錯誤處理 > 應該處理 WebSocket 錯誤
[WebSocketClient] Pre-connection checks passed: Token present, Token format valid, Token structure valid, Token not expired, Token has sufficient time remaining, Health check skipped (connection error)
[WebSocketClient] Connecting to WebSocket: ws://localhost:8787/websocket
[WebSocketClient] Connection state changed to: connecting

stdout | src/services/__tests__/websocketClient.test.ts > WebSocketClient > 錯誤處理 > 應該處理 WebSocket 錯誤
[WebSocketClient] WebSocket connected successfully
[WebSocketClient] Connection state changed to: connected

stdout | src/services/__tests__/websocketClient.test.ts > WebSocketClient > 錯誤處理 > 應該處理 WebSocket 錯誤
[WebSocketClient] WebSocket error: WebSocket connection error
[WebSocketClient] Connection state changed to: error

stdout | src/services/__tests__/websocketClient.test.ts > WebSocketClient > 錯誤處理 > 應該處理 WebSocket 錯誤
[WebSocketClient] Disconnecting WebSocket
[WebSocketClient] Connection state changed to: disconnected

stdout | src/services/__tests__/websocketClient.test.ts > WebSocketClient > 錯誤處理 > 應該處理 WebSocket 錯誤
[WebSocketClient] WebSocket closed: 1000 - Client disconnect
[WebSocketClient] WebSocket closed normally
[WebSocketClient] Connection state changed to: closed

stdout | src/services/__tests__/websocketClient.test.ts > WebSocketClient > 錯誤處理 > 應該處理無效的訊息格式
[WebSocketClient] Connection state changed to: disconnected
[WebSocketClient] Performing pre-connection checks...

stdout | src/services/__tests__/websocketClient.test.ts > WebSocketClient > 錯誤處理 > 應該處理無效的訊息格式
[WebSocketClient] Health check failed: TypeError: fetch failed, continuing anyway

stdout | src/services/__tests__/websocketClient.test.ts > WebSocketClient > 錯誤處理 > 應該處理無效的訊息格式
[WebSocketClient] Pre-connection checks passed: Token present, Token format valid, Token structure valid, Token not expired, Token has sufficient time remaining, Health check skipped (connection error)
[WebSocketClient] Connecting to WebSocket: ws://localhost:8787/websocket
[WebSocketClient] Connection state changed to: connecting

stdout | src/services/__tests__/websocketClient.test.ts > WebSocketClient > 錯誤處理 > 應該處理無效的訊息格式
[WebSocketClient] WebSocket connected successfully
[WebSocketClient] Connection state changed to: connected

stdout | src/services/__tests__/websocketClient.test.ts > WebSocketClient > 錯誤處理 > 應該處理無效的訊息格式
[WebSocketClient] Failed to parse WebSocket message: SyntaxError: Unexpected token 'i', "invalid json{" is not valid JSON

stdout | src/services/__tests__/websocketClient.test.ts > WebSocketClient > 錯誤處理 > 應該處理無效的訊息格式
[WebSocketClient] Disconnecting WebSocket
[WebSocketClient] Connection state changed to: disconnected

stdout | src/services/__tests__/websocketClient.test.ts > WebSocketClient > 錯誤處理 > 應該處理無效的訊息格式
[WebSocketClient] WebSocket closed: 1000 - Client disconnect
[WebSocketClient] WebSocket closed normally
[WebSocketClient] Connection state changed to: closed

stdout | src/services/__tests__/websocketClient.test.ts > WebSocketClient > 錯誤處理 > 應該處理認證失敗的情況
[WebSocketClient] Connection state changed to: disconnected
[WebSocketClient] Performing pre-connection checks...

stdout | src/services/__tests__/websocketClient.test.ts > WebSocketClient > 錯誤處理 > 應該處理認證失敗的情況
[WebSocketClient] Pre-connection check failed: No authentication token available
[WebSocketClient] Connection state changed to: error
[WebSocketClient] Pre-connection error: Error: Pre-connection check failed: No authentication token available
[WebSocketClient] Connection state changed to: error

stdout | src/services/__tests__/websocketClient.test.ts > WebSocketClient > 錯誤處理 > 應該處理認證失敗的情況
[WebSocketClient] Disconnecting WebSocket
[WebSocketClient] Connection state changed to: disconnected

stdout | src/services/__tests__/websocketClient.test.ts > WebSocketClient > 事件處理 > 應該支持註冊事件監聽器
[WebSocketClient] Connection state changed to: disconnected
[WebSocketClient] Performing pre-connection checks...

stdout | src/services/__tests__/websocketClient.test.ts > WebSocketClient > 事件處理 > 應該支持註冊事件監聽器
[WebSocketClient] Health check failed: TypeError: fetch failed, continuing anyway

stdout | src/services/__tests__/websocketClient.test.ts > WebSocketClient > 事件處理 > 應該支持註冊事件監聽器
[WebSocketClient] Pre-connection checks passed: Token present, Token format valid, Token structure valid, Token not expired, Token has sufficient time remaining, Health check skipped (connection error)
[WebSocketClient] Connecting to WebSocket: ws://localhost:8787/websocket
[WebSocketClient] Connection state changed to: connecting

stdout | src/services/__tests__/websocketClient.test.ts > WebSocketClient > 事件處理 > 應該支持註冊事件監聽器
[WebSocketClient] WebSocket connected successfully
[WebSocketClient] Connection state changed to: connected

stdout | src/services/__tests__/websocketClient.test.ts > WebSocketClient > 事件處理 > 應該支持註冊事件監聽器
[WebSocketClient] Received message: test

stdout | src/services/__tests__/websocketClient.test.ts > WebSocketClient > 事件處理 > 應該支持註冊事件監聽器
[WebSocketClient] Disconnecting WebSocket
[WebSocketClient] Connection state changed to: disconnected

stdout | src/services/__tests__/websocketClient.test.ts > WebSocketClient > 事件處理 > 應該支持註冊事件監聽器
[WebSocketClient] WebSocket closed: 1000 - Client disconnect
[WebSocketClient] WebSocket closed normally
[WebSocketClient] Connection state changed to: closed

stdout | src/services/__tests__/websocketClient.test.ts > WebSocketClient > 事件處理 > 應該支持清除事件監聽器
[WebSocketClient] Connection state changed to: disconnected
[WebSocketClient] Performing pre-connection checks...

stdout | src/services/__tests__/websocketClient.test.ts > WebSocketClient > 事件處理 > 應該支持清除事件監聽器
[WebSocketClient] Health check failed: TypeError: fetch failed, continuing anyway

stdout | src/services/__tests__/websocketClient.test.ts > WebSocketClient > 事件處理 > 應該支持清除事件監聽器
[WebSocketClient] Pre-connection checks passed: Token present, Token format valid, Token structure valid, Token not expired, Token has sufficient time remaining, Health check skipped (connection error)
[WebSocketClient] Connecting to WebSocket: ws://localhost:8787/websocket
[WebSocketClient] Connection state changed to: connecting

stdout | src/services/__tests__/websocketClient.test.ts > WebSocketClient > 事件處理 > 應該支持清除事件監聽器
[WebSocketClient] WebSocket connected successfully
[WebSocketClient] Connection state changed to: connected

stdout | src/services/__tests__/websocketClient.test.ts > WebSocketClient > 事件處理 > 應該支持清除事件監聽器
[WebSocketClient] Received message: test
[WebSocketClient] Received message: test

stdout | src/services/__tests__/websocketClient.test.ts > WebSocketClient > 事件處理 > 應該支持清除事件監聽器
[WebSocketClient] Disconnecting WebSocket
[WebSocketClient] Connection state changed to: disconnected

stdout | src/services/__tests__/websocketClient.test.ts > WebSocketClient > 事件處理 > 應該支持清除事件監聽器
[WebSocketClient] WebSocket closed: 1000 - Client disconnect
[WebSocketClient] WebSocket closed normally
[WebSocketClient] Connection state changed to: closed

stdout | src/services/__tests__/websocketClient.test.ts > WebSocketClient > 事件處理 > 應該觸發連接狀態變化事件
[WebSocketClient] Connection state changed to: disconnected
[WebSocketClient] Performing pre-connection checks...

stdout | src/services/__tests__/websocketClient.test.ts > WebSocketClient > 事件處理 > 應該觸發連接狀態變化事件
[WebSocketClient] Health check failed: TypeError: fetch failed, continuing anyway

stdout | src/services/__tests__/websocketClient.test.ts > WebSocketClient > 事件處理 > 應該觸發連接狀態變化事件
[WebSocketClient] Pre-connection checks passed: Token present, Token format valid, Token structure valid, Token not expired, Token has sufficient time remaining, Health check skipped (connection error)
[WebSocketClient] Connecting to WebSocket: ws://localhost:8787/websocket
[WebSocketClient] Connection state changed to: connecting

stdout | src/services/__tests__/websocketClient.test.ts > WebSocketClient > 事件處理 > 應該觸發連接狀態變化事件
[WebSocketClient] WebSocket connected successfully
[WebSocketClient] Connection state changed to: connected

stdout | src/services/__tests__/websocketClient.test.ts > WebSocketClient > 事件處理 > 應該觸發連接狀態變化事件
[WebSocketClient] Disconnecting WebSocket
[WebSocketClient] Connection state changed to: disconnected

stdout | src/services/__tests__/websocketClient.test.ts > WebSocketClient > 事件處理 > 應該觸發連接狀態變化事件
[WebSocketClient] WebSocket closed: 1000 - Client disconnect
[WebSocketClient] WebSocket closed normally
[WebSocketClient] Connection state changed to: closed

stdout | src/services/__tests__/websocketClient.test.ts > WebSocketClient > 全局實例管理 > 應該返回單例實例
[WebSocketClient] Connection state changed to: disconnected

stdout | src/services/__tests__/websocketClient.test.ts > WebSocketClient > 全局實例管理 > 應該返回單例實例
[WebSocketClient] Destroying WebSocket client

stdout | src/services/__tests__/websocketClient.test.ts > WebSocketClient > 全局實例管理 > 應該能夠銷毀全局實例
[WebSocketClient] Connection state changed to: disconnected
[WebSocketClient] Destroying WebSocket client
[WebSocketClient] Connection state changed to: disconnected

stdout | src/services/__tests__/websocketClient.test.ts > WebSocketClient > 全局實例管理 > 應該能夠銷毀全局實例
[WebSocketClient] Destroying WebSocket client

stdout | src/services/__tests__/websocketClient.test.ts > WebSocketClient > 全局實例管理 > 應該在銷毀時斷開連接
[WebSocketClient] Connection state changed to: disconnected
[WebSocketClient] Performing pre-connection checks...

stdout | src/services/__tests__/websocketClient.test.ts > WebSocketClient > 全局實例管理 > 應該在銷毀時斷開連接
[WebSocketClient] Health check failed: TypeError: fetch failed, continuing anyway

stdout | src/services/__tests__/websocketClient.test.ts > WebSocketClient > 全局實例管理 > 應該在銷毀時斷開連接
[WebSocketClient] Pre-connection checks passed: Token present, Token format valid, Token structure valid, Token not expired, Token has sufficient time remaining, Health check skipped (connection error)
[WebSocketClient] Connecting to WebSocket: ws://localhost:8787/websocket
[WebSocketClient] Connection state changed to: connecting

stdout | src/services/__tests__/websocketClient.test.ts > WebSocketClient > 全局實例管理 > 應該在銷毀時斷開連接
[WebSocketClient] WebSocket connected successfully
[WebSocketClient] Connection state changed to: connected

stdout | src/services/__tests__/websocketClient.test.ts > WebSocketClient > 全局實例管理 > 應該在銷毀時斷開連接
[WebSocketClient] Destroying WebSocket client

stdout | src/services/__tests__/websocketClient.test.ts > WebSocketClient > 全局實例管理 > 應該在銷毀時斷開連接
[WebSocketClient] WebSocket closed: 1000 - Client disconnect
[WebSocketClient] WebSocket closed normally
[WebSocketClient] Connection state changed to: closed

stdout | src/services/__tests__/websocketClient.test.ts > WebSocketClient > 配置選項 > 應該使用默認配置
[WebSocketClient] Connection state changed to: disconnected

stdout | src/services/__tests__/websocketClient.test.ts > WebSocketClient > 配置選項 > 應該使用默認配置
[WebSocketClient] Disconnecting WebSocket
[WebSocketClient] Connection state changed to: disconnected

stdout | src/services/__tests__/websocketClient.test.ts > WebSocketClient > 配置選項 > 應該合併自定義配置
[WebSocketClient] Connection state changed to: disconnected

stdout | src/services/__tests__/websocketClient.test.ts > WebSocketClient > 配置選項 > 應該合併自定義配置
[WebSocketClient] Disconnecting WebSocket
[WebSocketClient] Connection state changed to: disconnected

stdout | src/services/__tests__/websocketClient.test.ts > WebSocketClient > 配置選項 > 應該支持禁用自動重連
[WebSocketClient] Connection state changed to: disconnected
[WebSocketClient] Performing pre-connection checks...

stdout | src/services/__tests__/websocketClient.test.ts > WebSocketClient > 配置選項 > 應該支持禁用自動重連
[WebSocketClient] Health check failed: TypeError: fetch failed, continuing anyway

stdout | src/services/__tests__/websocketClient.test.ts > WebSocketClient > 配置選項 > 應該支持禁用自動重連
[WebSocketClient] Pre-connection checks passed: Token present, Token format valid, Token structure valid, Token not expired, Token has sufficient time remaining, Health check skipped (connection error)
[WebSocketClient] Connecting to WebSocket: ws://localhost:8787/websocket
[WebSocketClient] Connection state changed to: connecting

stdout | src/services/__tests__/websocketClient.test.ts > WebSocketClient > 配置選項 > 應該支持禁用自動重連
[WebSocketClient] WebSocket connected successfully
[WebSocketClient] Connection state changed to: connected

stdout | src/services/__tests__/websocketClient.test.ts > WebSocketClient > 配置選項 > 應該支持禁用自動重連
[WebSocketClient] WebSocket closed: 1006 - Normal closure
[WebSocketClient] WebSocket abnormal closure (1006) - likely authentication or connection issue
[WebSocketClient] Connection state changed to: error
[WebSocketClient] Max reconnection attempts reached or reconnection disabled
[WebSocketClient] Connection state changed to: error

stdout | src/services/__tests__/websocketClient.test.ts > WebSocketClient > 配置選項 > 應該支持禁用自動重連
[WebSocketClient] Disconnecting WebSocket
[WebSocketClient] Connection state changed to: disconnected

stdout | src/services/__tests__/websocketClient.test.ts > WebSocketClient > 配置選項 > 應該支持禁用自動重連
[WebSocketClient] WebSocket closed: 1000 - Client disconnect
[WebSocketClient] WebSocket closed normally
[WebSocketClient] Connection state changed to: closed

 ✓ src/services/__tests__/websocketClient.test.ts (29 tests) 128ms
stdout | src/stores/conversations.test.ts > Conversations Store > State Management > should initialize with empty state
💿 [CacheManager] Loaded 0 items from storage

stdout | src/stores/conversations.test.ts > Conversations Store > Load Conversations > should load conversations successfully
📊 [ConversationsStore] Incremental update completed: {
  total: [33m2[39m,
  changed: [33m0[39m,
  added: [33m2[39m,
  removed: [33m-2[39m,
  duration: [32m'0.19ms'[39m,
  updateCount: [33m1[39m
}

stderr | src/stores/conversations.test.ts > Conversations Store > Load Conversations > should handle load conversations failure
Failed to load conversations

 ✓ src/stores/conversations.test.ts (10 tests) 535ms
   ✓ Conversations Store > State Management > should initialize with empty state  519ms
 ✓ tests/unit/components/Toast.test.ts (26 tests) 156ms
 ✓ tests/unit/components/ConfirmDialog.test.ts (29 tests) 222ms
stdout | tests/unit/components/MessageBubble-timestamp.test.ts > MessageBubble - Timestamp Display > 智能时间戳显示 > 今天的消息应该只显示时分 (HH:MM)
🔍 [Sticker Debug] Message type: text
🔍 [Sticker Debug] Message content: 测试消息
🔍 [Sticker Debug] Raw metadata: [1mnull[22m
🔍 [Sticker Debug] Condition failed - messageType or metadata missing

stdout | tests/unit/components/MessageBubble-timestamp.test.ts > MessageBubble - Timestamp Display > 智能时间戳显示 > 昨天的消息应该显示完整日期和时间
🔍 [Sticker Debug] Message type: text
🔍 [Sticker Debug] Message content: 测试消息
🔍 [Sticker Debug] Raw metadata: [1mnull[22m
🔍 [Sticker Debug] Condition failed - messageType or metadata missing

stdout | tests/unit/components/MessageBubble-timestamp.test.ts > MessageBubble - Timestamp Display > 智能时间戳显示 > 上周的消息应该显示完整日期和时间
🔍 [Sticker Debug] Message type: text
🔍 [Sticker Debug] Message content: 测试消息
🔍 [Sticker Debug] Raw metadata: [1mnull[22m
🔍 [Sticker Debug] Condition failed - messageType or metadata missing

stdout | tests/unit/components/MessageBubble-timestamp.test.ts > MessageBubble - Timestamp Display > 智能时间戳显示 > 上个月的消息应该显示完整日期和时间
🔍 [Sticker Debug] Message type: text
🔍 [Sticker Debug] Message content: 测试消息
🔍 [Sticker Debug] Raw metadata: [1mnull[22m
🔍 [Sticker Debug] Condition failed - messageType or metadata missing

stdout | tests/unit/components/MessageBubble-timestamp.test.ts > MessageBubble - Timestamp Display > 时间戳格式兼容性 > 应该正确处理 ISO 字符串格式
🔍 [Sticker Debug] Message type: text
🔍 [Sticker Debug] Message content: 测试消息
🔍 [Sticker Debug] Raw metadata: [1mnull[22m
🔍 [Sticker Debug] Condition failed - messageType or metadata missing

stdout | tests/unit/components/MessageBubble-timestamp.test.ts > MessageBubble - Timestamp Display > 时间戳格式兼容性 > 应该正确处理数字时间戳 (毫秒)
🔍 [Sticker Debug] Message type: text
🔍 [Sticker Debug] Message content: 测试消息
🔍 [Sticker Debug] Raw metadata: [1mnull[22m
🔍 [Sticker Debug] Condition failed - messageType or metadata missing

stdout | tests/unit/components/MessageBubble-timestamp.test.ts > MessageBubble - Timestamp Display > 时间戳格式兼容性 > 应该正确处理 Date 对象
🔍 [Sticker Debug] Message type: text
🔍 [Sticker Debug] Message content: 测试消息
🔍 [Sticker Debug] Raw metadata: [1mnull[22m
🔍 [Sticker Debug] Condition failed - messageType or metadata missing

stdout | tests/unit/components/MessageBubble-timestamp.test.ts > MessageBubble - Timestamp Display > 向后兼容性 > 使用 createdAt 作为 fallback 当 timestamp 不存在
🔍 [Sticker Debug] Message type: text
🔍 [Sticker Debug] Message content: 测试消息
🔍 [Sticker Debug] Raw metadata: [1mnull[22m
🔍 [Sticker Debug] Condition failed - messageType or metadata missing

stdout | tests/unit/components/MessageBubble-timestamp.test.ts > MessageBubble - Timestamp Display > 本地化支持 > 应该使用 zh-TW 本地化格式
🔍 [Sticker Debug] Message type: text
🔍 [Sticker Debug] Message content: 测试消息
🔍 [Sticker Debug] Raw metadata: [1mnull[22m
🔍 [Sticker Debug] Condition failed - messageType or metadata missing

stdout | tests/unit/components/MessageBubble-timestamp.test.ts > MessageBubble - Timestamp Display > 边界情况测试 > 午夜时分 (00:00) 的消息应该正确显示
🔍 [Sticker Debug] Message type: text
🔍 [Sticker Debug] Message content: 测试消息
🔍 [Sticker Debug] Raw metadata: [1mnull[22m
🔍 [Sticker Debug] Condition failed - messageType or metadata missing

stdout | tests/unit/components/MessageBubble-timestamp.test.ts > MessageBubble - Timestamp Display > 边界情况测试 > 23:59 的消息应该正确显示
🔍 [Sticker Debug] Message type: text
🔍 [Sticker Debug] Message content: 测试消息
🔍 [Sticker Debug] Raw metadata: [1mnull[22m
🔍 [Sticker Debug] Condition failed - messageType or metadata missing

stdout | tests/unit/components/MessageBubble-timestamp.test.ts > MessageBubble - Timestamp Display > 边界情况测试 > 跨年消息应该显示正确的年份
🔍 [Sticker Debug] Message type: text
🔍 [Sticker Debug] Message content: 测试消息
🔍 [Sticker Debug] Raw metadata: [1mnull[22m
🔍 [Sticker Debug] Condition failed - messageType or metadata missing

 ✓ tests/unit/components/MessageBubble-timestamp.test.ts (12 tests) 132ms
stderr | tests/e2e/reports-system.test.ts > 報表系統端到端測試 > Reports 主頁面測試 > 應該正確渲染主頁面結構
[Vue Router warn]: No match found for location with path "/"
[Vue Router warn]: No match found for location with path "/dashboard"
[Vue Router warn]: No match found for location with path "/conversations"
[Vue Router warn]: No match found for location with path "/customers/tags"

stderr | tests/e2e/reports-system.test.ts > 報表系統端到端測試 > Reports 主頁面測試 > 應該正確渲染主頁面結構
[Vue Router warn]: No match found for location with path "/dashboard"
[Vue Router warn]: No match found for location with path "/conversations"
[Vue Router warn]: No match found for location with path "/customers/tags"

stderr | tests/e2e/reports-system.test.ts > 報表系統端到端測試 > Reports 主頁面測試 > 應該正確渲染子導航項目
[Vue Router warn]: No match found for location with path "/"
[Vue Router warn]: No match found for location with path "/dashboard"
[Vue Router warn]: No match found for location with path "/conversations"
[Vue Router warn]: No match found for location with path "/customers/tags"

stderr | tests/e2e/reports-system.test.ts > 報表系統端到端測試 > Reports 主頁面測試 > 應該正確渲染子導航項目
[Vue Router warn]: No match found for location with path "/dashboard"
[Vue Router warn]: No match found for location with path "/conversations"
[Vue Router warn]: No match found for location with path "/customers/tags"

stderr | tests/e2e/reports-system.test.ts > 報表系統端到端測試 > Reports 主頁面測試 > 應該正確標記活動導航項目
[Vue Router warn]: No match found for location with path "/"
[Vue Router warn]: No match found for location with path "/dashboard"
[Vue Router warn]: No match found for location with path "/conversations"
[Vue Router warn]: No match found for location with path "/customers/tags"

stderr | tests/e2e/reports-system.test.ts > 報表系統端到端測試 > Reports 主頁面測試 > 應該正確標記活動導航項目
[Vue Router warn]: No match found for location with path "/dashboard"
[Vue Router warn]: No match found for location with path "/conversations"
[Vue Router warn]: No match found for location with path "/customers/tags"

stderr | tests/e2e/reports-system.test.ts > 報表系統端到端測試 > ReportDashboard 組件測試 > 應該正確載入和顯示報表統計
[Vue Router warn]: No match found for location with path "/"

stderr | tests/e2e/reports-system.test.ts > 報表系統端到端測試 > ReportDashboard 組件測試 > 應該正確顯示報表列表
[Vue Router warn]: No match found for location with path "/"

stderr | src/components/conversation/MessageInput.test.ts > MessageInput Component > Error Handling > should handle network errors gracefully
Send message error: Error: Network error
    at [90m/home/user/Multi-Channel-Integration-System/frontend/[39msrc/components/conversation/MessageInput.test.ts:621:45
    at [90mfile:///home/user/Multi-Channel-Integration-System/frontend/[39mnode_modules/[4m@vitest/runner[24m/dist/chunk-hooks.js:155:11
    at [90mfile:///home/user/Multi-Channel-Integration-System/frontend/[39mnode_modules/[4m@vitest/runner[24m/dist/chunk-hooks.js:752:26
    at [90mfile:///home/user/Multi-Channel-Integration-System/frontend/[39mnode_modules/[4m@vitest/runner[24m/dist/chunk-hooks.js:1897:20
    at new Promise (<anonymous>)
    at runWithTimeout [90m(file:///home/user/Multi-Channel-Integration-System/frontend/[39mnode_modules/[4m@vitest/runner[24m/dist/chunk-hooks.js:1863:10[90m)[39m
    at runTest [90m(file:///home/user/Multi-Channel-Integration-System/frontend/[39mnode_modules/[4m@vitest/runner[24m/dist/chunk-hooks.js:1574:12[90m)[39m
[90m    at processTicksAndRejections (node:internal/process/task_queues:105:5)[39m
    at runSuite [90m(file:///home/user/Multi-Channel-Integration-System/frontend/[39mnode_modules/[4m@vitest/runner[24m/dist/chunk-hooks.js:1729:8[90m)[39m
    at runSuite [90m(file:///home/user/Multi-Channel-Integration-System/frontend/[39mnode_modules/[4m@vitest/runner[24m/dist/chunk-hooks.js:1729:8[90m)[39m

 ✓ src/components/conversation/MessageInput.test.ts (34 tests) 1040ms
   ✓ MessageInput Component > File Attachment Functionality > should reject files larger than 10MB  730ms
stderr | tests/e2e/reports-system.test.ts > 報表系統端到端測試 > ReportDashboard 組件測試 > 應該支持報表篩選和搜尋
[Vue Router warn]: No match found for location with path "/"

stderr | tests/e2e/reports-system.test.ts > 報表系統端到端測試 > ReportDashboard 組件測試 > 應該支持報表列表檢視模式切換
[Vue Router warn]: No match found for location with path "/"

 ✓ src/components/platform/PlatformStatus.test.ts (40 tests) 1366ms
   ✓ PlatformStatus Component > Event Emissions > should emit refresh event when refresh button is clicked  1114ms
stderr | tests/e2e/reports-system.test.ts > 報表系統端到端測試 > ReportGenerator 組件測試 > 應該正確渲染報表生成表單
[Vue Router warn]: No match found for location with path "/"

stderr | tests/e2e/reports-system.test.ts > 報表系統端到端測試 > ReportGenerator 組件測試 > 應該正確顯示報表類型選項
[Vue Router warn]: No match found for location with path "/"

stderr | tests/e2e/reports-system.test.ts > 報表系統端到端測試 > ReportGenerator 組件測試 > 應該支持報表類型選擇
[Vue Router warn]: No match found for location with path "/"

stderr | tests/e2e/reports-system.test.ts > 報表系統端到端測試 > ReportGenerator 組件測試 > 應該支持報表生成
[Vue Router warn]: No match found for location with path "/"

stderr | tests/e2e/reports-system.test.ts > 報表系統端到端測試 > ReportGenerator 組件測試 > 應該正確處理生成錯誤
[Vue Router warn]: No match found for location with path "/"

stderr | tests/e2e/reports-system.test.ts > 報表系統端到端測試 > ReportTemplates 組件測試 > 應該正確載入並顯示模板
[Vue Router warn]: No match found for location with path "/"

stderr | tests/e2e/reports-system.test.ts > 報表系統端到端測試 > ReportTemplates 組件測試 > 應該支持模板搜尋和篩選
[Vue Router warn]: No match found for location with path "/"

stderr | tests/e2e/reports-system.test.ts > 報表系統端到端測試 > ReportTemplates 組件測試 > 應該支持模板選擇和詳情顯示
[Vue Router warn]: No match found for location with path "/"

stderr | tests/e2e/reports-system.test.ts > 報表系統端到端測試 > ReportTemplates 組件測試 > 應該支持模板快速使用
[Vue Router warn]: No match found for location with path "/"

stderr | tests/e2e/reports-system.test.ts > 報表系統端到端測試 > ReportViewer 組件測試 > 應該正確載入並顯示報表詳情
[Vue Router warn]: No match found for location with path "/"

 ✓ src/components/ui/FileUpload.test.ts (39 tests) 1615ms
   ✓ FileUpload > Error Handling > should display error messages  775ms
   ✓ FileUpload > Error Handling > should allow dismissing error messages  636ms
stderr | tests/e2e/reports-system.test.ts > 報表系統端到端測試 > ReportViewer 組件測試 > 應該支持不同格式的報表預覽
[Vue Router warn]: No match found for location with path "/"

stderr | tests/e2e/reports-system.test.ts > 報表系統端到端測試 > ReportViewer 組件測試 > 應該支持報表下載
[Vue Router warn]: No match found for location with path "/"

stderr | tests/e2e/reports-system.test.ts > 報表系統端到端測試 > ReportViewer 組件測試 > 應該正確處理不存在的報表
[Vue Router warn]: No match found for location with path "/"

stderr | tests/e2e/reports-system.test.ts > 報表系統端到端測試 > API 整合測試 > 應該正確處理 API 錯誤
[Vue Router warn]: No match found for location with path "/"

stderr | tests/e2e/reports-system.test.ts > 報表系統端到端測試 > API 整合測試 > 應該支持載入狀態顯示
[Vue Router warn]: No match found for location with path "/"

stderr | tests/e2e/reports-system.test.ts > 報表系統端到端測試 > API 整合測試 > 應該正確處理空數據狀態
[Vue Router warn]: No match found for location with path "/"

stderr | tests/e2e/reports-system.test.ts > 報表系統端到端測試 > 響應式設計測試 > 應該在移動設備上正確顯示
[Vue Router warn]: No match found for location with path "/"
[Vue Router warn]: No match found for location with path "/dashboard"
[Vue Router warn]: No match found for location with path "/conversations"
[Vue Router warn]: No match found for location with path "/customers/tags"

stderr | tests/e2e/reports-system.test.ts > 報表系統端到端測試 > 響應式設計測試 > 應該在移動設備上正確顯示
[Vue Router warn]: No match found for location with path "/dashboard"
[Vue Router warn]: No match found for location with path "/conversations"
[Vue Router warn]: No match found for location with path "/customers/tags"

stderr | tests/e2e/reports-system.test.ts > 報表系統端到端測試 > 響應式設計測試 > 應該在平板設備上正確顯示
[Vue Router warn]: No match found for location with path "/"

stderr | tests/e2e/reports-system.test.ts > 報表系統端到端測試 > 性能測試 > 應該在合理時間內載入組件
[Vue Router warn]: No match found for location with path "/"

stderr | tests/e2e/reports-system.test.ts > 報表系統端到端測試 > 性能測試 > 應該正確處理大量報表數據
[Vue Router warn]: No match found for location with path "/"

stderr | tests/e2e/reports-system.test.ts > 報表系統端到端測試 > 無障礙測試 > 應該支持鍵盤導航
[Vue Router warn]: No match found for location with path "/"
[Vue Router warn]: No match found for location with path "/dashboard"
[Vue Router warn]: No match found for location with path "/conversations"
[Vue Router warn]: No match found for location with path "/customers/tags"

stderr | tests/e2e/reports-system.test.ts > 報表系統端到端測試 > 無障礙測試 > 應該支持鍵盤導航
[Vue Router warn]: No match found for location with path "/dashboard"
[Vue Router warn]: No match found for location with path "/conversations"
[Vue Router warn]: No match found for location with path "/customers/tags"

stderr | tests/e2e/reports-system.test.ts > 報表系統端到端測試 > 無障礙測試 > 應該提供適當的 ARIA 標籤
[Vue Router warn]: No match found for location with path "/"

 ✓ tests/e2e/reports-system.test.ts (35 tests) 2404ms
stdout | src/components/ui/StatusBadge.test.ts
🌍 [Frontend Tests] Timezone standardized to UTC

stdout | src/components/ui/PlatformBadge.test.ts
🌍 [Frontend Tests] Timezone standardized to UTC

stdout | src/components/ui/LoadingSpinner.test.ts
🌍 [Frontend Tests] Timezone standardized to UTC

stdout | src/components/ui/EmptyState.test.ts
🌍 [Frontend Tests] Timezone standardized to UTC

stdout | src/utils/format.test.ts
🌍 [Frontend Tests] Timezone standardized to UTC

 ✓ src/utils/format.test.ts (20 tests) 28ms
 ✓ src/components/ui/LoadingSpinner.test.ts (9 tests) 57ms
stdout | src/tests/auth-optimization.test.ts
🌍 [Frontend Tests] Timezone standardized to UTC

 ✓ src/components/ui/StatusBadge.test.ts (20 tests) 74ms
 ✓ src/components/ui/EmptyState.test.ts (17 tests) 117ms
 ✓ src/components/ui/PlatformBadge.test.ts (22 tests) 84ms
stdout | tests/unit/components/reports-components.test.ts
🌍 [Frontend Tests] Timezone standardized to UTC

stdout | src/tests/auth-optimization.test.ts > 前端狀態管理優化測試 > 智能會話初始化 - 避免額外 API 請求 > 當有有效快取資料時，應該跳過 /auth/me 請求
✅ Using cached agent data, skipping /auth/me request

stdout | src/tests/auth-optimization.test.ts > 前端狀態管理優化測試 > 智能會話初始化 - 避免額外 API 請求 > 當沒有快取資料時，才應該發送 /auth/me 請求
🔄 No cached agent data, fetching from server...

stdout | src/tests/auth-optimization.test.ts > 前端狀態管理優化測試 > 智能會話初始化 - 避免額外 API 請求 > 當 agent 資料無效時，應該發送 /auth/me 請求
🔄 No cached agent data, fetching from server...

stdout | src/tests/auth-optimization.test.ts > 前端狀態管理優化測試 > 智能 fetchCurrentAgent 函數 > 當已有有效資料時，應該跳過 API 請求
✅ Agent data already cached, skipping API request

stdout | src/tests/auth-optimization.test.ts > 前端狀態管理優化測試 > 智能 fetchCurrentAgent 函數 > 當強制刷新時，應該發送 API 請求
🔄 Fetching agent data from server...

stdout | src/tests/auth-optimization.test.ts > 前端狀態管理優化測試 > 智能 fetchCurrentAgent 函數 > 當沒有資料時，應該發送 API 請求
🔄 Fetching agent data from server...

stdout | src/tests/auth-optimization.test.ts > 前端狀態管理優化測試 > 性能指標驗證 > 完整的登入->初始化流程應該最多只發送 1 次 /auth/me
✅ Using cached agent data, skipping /auth/me request

stdout | src/tests/auth-optimization.test.ts > 前端狀態管理優化測試 > 性能指標驗證 > 完整的登入->初始化流程應該最多只發送 1 次 /auth/me
✅ Agent data already cached, skipping API request

stdout | src/tests/auth-optimization.test.ts > 前端狀態管理優化測試 > 性能指標驗證 > 完整的登入->初始化流程應該最多只發送 1 次 /auth/me
✅ Agent data already cached, skipping API request

stdout | src/tests/auth-optimization.test.ts > 前端狀態管理優化測試 > 性能指標驗證 > 完整的登入->初始化流程應該最多只發送 1 次 /auth/me
✅ Agent data already cached, skipping API request

 ✓ src/tests/auth-optimization.test.ts (8 tests) 20ms
 ✓ tests/unit/components/reports-components.test.ts (19 tests) 18ms
stdout | src/api/conversations.test.ts
🌍 [Frontend Tests] Timezone standardized to UTC

 ✓ src/api/conversations.test.ts (29 tests) 21ms
stdout | tests/integration/reports-basic.test.ts
🌍 [Frontend Tests] Timezone standardized to UTC

 ✓ tests/integration/reports-basic.test.ts (28 tests) 16ms
stdout | src/composables/useDelayedMessage.test.ts
🌍 [Frontend Tests] Timezone standardized to UTC

 ✓ src/composables/useDelayedMessage.test.ts (15 tests) 14ms
stdout | src/composables/useError.test.ts
🌍 [Frontend Tests] Timezone standardized to UTC

 ✓ src/composables/useError.test.ts (10 tests) 13ms
stdout | src/api/message.test.ts
🌍 [Frontend Tests] Timezone standardized to UTC

 ✓ src/api/message.test.ts (15 tests) 16ms
stdout | src/test/api-proxy.test.ts
🌍 [Frontend Tests] Timezone standardized to UTC

 ✓ src/test/api-proxy.test.ts (10 tests) 10ms
stdout | src/api/auth.test.ts
🌍 [Frontend Tests] Timezone standardized to UTC

 ✓ src/api/auth.test.ts (13 tests) 9ms
stdout | src/api/base.test.ts
🌍 [Frontend Tests] Timezone standardized to UTC

stdout | src/utils/emoji-utils.test.ts
🌍 [Frontend Tests] Timezone standardized to UTC

 ✓ src/api/base.test.ts (2 tests) 4ms
stderr | src/utils/emoji-utils.test.ts > EmojiUtils > convertEmojiDescriptions > should handle unknown emoji descriptions gracefully
未找到emoji映射: unknown emoji (unknown_emoji)

 ✓ src/utils/emoji-utils.test.ts (15 tests) 8ms
 ✓ tests/unit/composables/useConfirmDialog.test.ts (18 tests) 13259ms
   ✓ useConfirmDialog > 基础功能 > 应该暴露正确的 API  603ms
   ✓ useConfirmDialog > 基础功能 > 应该是单例模式  600ms
   ✓ useConfirmDialog > showConfirm > 应该创建对话框 DOM 元素  642ms
   ✓ useConfirmDialog > showConfirm > 应该在 DOM 中显示正确的标题和消息  609ms
   ✓ useConfirmDialog > showConfirm > 应该在点击确认时返回 true  613ms
   ✓ useConfirmDialog > showConfirm > 应该在点击取消时返回 false  606ms
   ✓ useConfirmDialog > showConfirm > 应该支持自定义按钮文本  605ms
   ✓ useConfirmDialog > showWarning > 应该创建警告类型的对话框  607ms
   ✓ useConfirmDialog > showWarning > 应该显示警告图标  605ms
   ✓ useConfirmDialog > showDanger > 应该创建危险类型的对话框  605ms
   ✓ useConfirmDialog > showInfo > 应该创建信息类型的对话框  606ms
   ✓ useConfirmDialog > clearDialogs > 应该关闭所有打开的对话框  1309ms
   ✓ useConfirmDialog > clearDialogs > 清理后所有 Promise 应该返回 false  608ms
   ✓ useConfirmDialog > 多个对话框 > 应该支持同时显示多个对话框  1205ms
   ✓ useConfirmDialog > 边界情况 > 应该处理空标题  606ms
   ✓ useConfirmDialog > 边界情况 > 应该处理没有消息的情况  607ms
   ✓ useConfirmDialog > 边界情况 > 应该处理快速连续调用  1215ms
   ✓ useConfirmDialog > 内存管理 > 应该在对话框关闭后清理 DOM 元素  1006ms
 ✓ tests/integration/toast-dialog-integration.test.ts (21 tests) 15540ms
   ✓ Toast 和 ConfirmDialog 集成测试 > useToast 集成 > 应该能够显示成功 Toast  634ms
   ✓ Toast 和 ConfirmDialog 集成测试 > useToast 集成 > 应该能够显示错误 Toast  605ms
   ✓ Toast 和 ConfirmDialog 集成测试 > useToast 集成 > 应该能够显示警告 Toast  605ms
   ✓ Toast 和 ConfirmDialog 集成测试 > useToast 集成 > 应该能够显示信息 Toast  606ms
   ✓ Toast 和 ConfirmDialog 集成测试 > useToast 集成 > 应该能够同时显示多个 Toast  613ms
   ✓ Toast 和 ConfirmDialog 集成测试 > useToast 集成 > Toast 应该在指定时间后自动关闭  609ms
   ✓ Toast 和 ConfirmDialog 集成测试 > useConfirmDialog 集成 > 应该能够显示确认对话框  614ms
   ✓ Toast 和 ConfirmDialog 集成测试 > useConfirmDialog 集成 > 应该能够显示警告对话框  607ms
   ✓ Toast 和 ConfirmDialog 集成测试 > useConfirmDialog 集成 > 应该能够显示危险对话框  608ms
   ✓ Toast 和 ConfirmDialog 集成测试 > useConfirmDialog 集成 > 点击确认应该返回 true  606ms
   ✓ Toast 和 ConfirmDialog 集成测试 > useConfirmDialog 集成 > 点击取消应该返回 false  604ms
   ✓ Toast 和 ConfirmDialog 集成测试 > 场景测试 > 模拟 WebSocketAdmin.vue 保存成功场景  605ms
   ✓ Toast 和 ConfirmDialog 集成测试 > 场景测试 > 模拟 ConversationHeader.vue 错误场景  604ms
   ✓ Toast 和 ConfirmDialog 集成测试 > 场景测试 > 模拟 AdvancedAssignActions.vue 取消指派场景  605ms
   ✓ Toast 和 ConfirmDialog 集成测试 > 场景测试 > 模拟用户取消危险操作  604ms
   ✓ Toast 和 ConfirmDialog 集成测试 > 错误处理 > 应该能够正确处理快速连续的 Toast 调用  610ms
   ✓ Toast 和 ConfirmDialog 集成测试 > 错误处理 > 应该能够正确处理快速连续的对话框调用  1216ms
   ✓ Toast 和 ConfirmDialog 集成测试 > 清理功能 > clearToasts 应该关闭所有 Toast  1313ms
   ✓ Toast 和 ConfirmDialog 集成测试 > 清理功能 > clearDialogs 应该关闭所有对话框  1309ms
   ✓ Toast 和 ConfirmDialog 集成测试 > 性能测试 > 应该能够处理大量 Toast 创建  711ms
   ✓ Toast 和 ConfirmDialog 集成测试 > 性能测试 > 应该能够处理大量对话框创建  1249ms
stderr | src/stores/__tests__/messages.test.ts > Messages Store > 載入訊息 > 應該處理載入錯誤
無法連接到服務器

stderr | src/stores/__tests__/messages.test.ts > Messages Store > 載入訊息 > 應該處理網路錯誤
Error: Network error
    at [90m/home/user/Multi-Channel-Integration-System/frontend/[39msrc/stores/__tests__/messages.test.ts:165:28
    at [90mfile:///home/user/Multi-Channel-Integration-System/frontend/[39mnode_modules/[4m@vitest/runner[24m/dist/chunk-hooks.js:155:11
    at [90mfile:///home/user/Multi-Channel-Integration-System/frontend/[39mnode_modules/[4m@vitest/runner[24m/dist/chunk-hooks.js:752:26
    at [90mfile:///home/user/Multi-Channel-Integration-System/frontend/[39mnode_modules/[4m@vitest/runner[24m/dist/chunk-hooks.js:1897:20
    at new Promise (<anonymous>)
    at runWithTimeout [90m(file:///home/user/Multi-Channel-Integration-System/frontend/[39mnode_modules/[4m@vitest/runner[24m/dist/chunk-hooks.js:1863:10[90m)[39m
    at runTest [90m(file:///home/user/Multi-Channel-Integration-System/frontend/[39mnode_modules/[4m@vitest/runner[24m/dist/chunk-hooks.js:1574:12[90m)[39m
    at runSuite [90m(file:///home/user/Multi-Channel-Integration-System/frontend/[39mnode_modules/[4m@vitest/runner[24m/dist/chunk-hooks.js:1729:8[90m)[39m
    at runSuite [90m(file:///home/user/Multi-Channel-Integration-System/frontend/[39mnode_modules/[4m@vitest/runner[24m/dist/chunk-hooks.js:1729:8[90m)[39m
    at runSuite [90m(file:///home/user/Multi-Channel-Integration-System/frontend/[39mnode_modules/[4m@vitest/runner[24m/dist/chunk-hooks.js:1729:8[90m)[39m

stderr | src/stores/__tests__/messages.test.ts > Messages Store > 未讀訊息 > 應該處理標記已讀失敗
標記失敗

stderr | src/stores/__tests__/messages.test.ts > Messages Store > 錯誤處理 > 應該自動清除錯誤訊息
測試錯誤

 ❯ src/stores/__tests__/messages.test.ts (29 tests | 15 failed) 20071ms
   ✓ Messages Store > 初始化 > 應該初始化為空狀態 7ms
   ✓ Messages Store > 初始化 > 應該初始化過濾器 1ms
   ✓ Messages Store > 載入訊息 > 應該成功載入訊息 3ms
   × Messages Store > 載入訊息 > 應該在載入時設置 loading 狀態 20013ms
     → Test timed out in 20000ms.
If this is a long-running test, pass a timeout value as the last argument or configure it globally with "testTimeout".
   ✓ Messages Store > 載入訊息 > 應該處理載入錯誤 2ms
   × Messages Store > 載入訊息 > 應該處理網路錯誤 7ms
     → expected 'Network error' to contain '網路錯誤'
   ✓ Messages Store > 載入訊息 > 應該在載入成功後清空樂觀訊息 1ms
   ✓ Messages Store > 載入訊息 > 應該在沒有 conversationId 時不執行載入 3ms
   × Messages Store > 發送訊息 > 應該成功發送訊息 4ms
     → expected false to deeply equal { id: 'msg-new', …(7) }
   × Messages Store > 發送訊息 > 應該使用樂觀更新 1ms
     → expected 0 to be greater than 0
   × Messages Store > 發送訊息 > 應該處理發送失敗並回滾樂觀更新 1ms
     → expected null to be truthy
   × Messages Store > 發送訊息 > 應該在發送時設置正確的狀態 2ms
     → expected false to be true // Object.is equality
   ✓ Messages Store > 訊息過濾 > 應該根據 conversationId 過濾訊息 1ms
   × Messages Store > 訊息過濾 > 應該根據 senderType 過濾訊息 2ms
     → store.setFilter is not a function
   × Messages Store > 訊息過濾 > 應該根據 platform 過濾訊息 1ms
     → store.setFilter is not a function
   × Messages Store > 訊息過濾 > 應該根據 messageType 過濾訊息 1ms
     → store.setFilter is not a function
   × Messages Store > 訊息過濾 > 應該支持多重過濾 1ms
     → store.setFilter is not a function
   × Messages Store > 訊息過濾 > 應該能夠清除過濾器 2ms
     → store.setFilter is not a function
   ✓ Messages Store > 未讀訊息 > 應該統計未讀訊息數量 1ms
   ✓ Messages Store > 未讀訊息 > 應該正確標記訊息為已讀 1ms
   ✓ Messages Store > 未讀訊息 > 應該處理標記已讀失敗 1ms
   ✓ Messages Store > 訊息排序 > 應該按時間排序所有訊息 1ms
   ✓ Messages Store > 訊息排序 > 應該合併並排序樂觀訊息 2ms
   ✓ Messages Store > 錯誤處理 > 應該自動清除錯誤訊息 1ms
   ✓ Messages Store > 錯誤處理 > 應該提供手動清除錯誤的方法 0ms
   × Messages Store > 訊息操作 > 應該成功更新訊息 3ms
     → messageIndexService.updateMessage is not a function
   × Messages Store > 訊息操作 > 應該成功刪除訊息 2ms
     → store.deleteMessage is not a function
   × Messages Store > 訊息索引 > 應該在載入訊息後建立索引 4ms
     → expected "spy" to be called with arguments: [ [ { id: 'msg-1', …(7) } ] ][90m

Number of calls: [1m0[22m
[39m
   × Messages Store > 訊息索引 > 應該支持訊息搜索 1ms
     → store.searchMessages is not a function

⎯⎯⎯⎯⎯⎯ Failed Tests 49 ⎯⎯⎯⎯⎯⎯⎯

 FAIL  src/services/__tests__/websocketManager.test.ts > WebSocketManager > 連接管理 > 應該成功建立連接
 FAIL  src/services/__tests__/websocketManager.test.ts > WebSocketManager > 連接管理 > 應該在沒有 token 時拋出錯誤
 FAIL  src/services/__tests__/websocketManager.test.ts > WebSocketManager > 連接管理 > 應該正確斷開連接
 FAIL  src/services/__tests__/websocketManager.test.ts > WebSocketManager > 連接管理 > 應該在連接時開始計算運行時間
 FAIL  src/services/__tests__/websocketManager.test.ts > WebSocketManager > 連接管理 > 應該在斷開時停止運行時間計算
 FAIL  src/services/__tests__/websocketManager.test.ts > WebSocketManager > 會話訂閱管理 > 應該成功訂閱會話
 FAIL  src/services/__tests__/websocketManager.test.ts > WebSocketManager > 會話訂閱管理 > 應該成功取消訂閱會話
 FAIL  src/services/__tests__/websocketManager.test.ts > WebSocketManager > 會話訂閱管理 > 應該防止重複訂閱同一個會話
 FAIL  src/services/__tests__/websocketManager.test.ts > WebSocketManager > 會話訂閱管理 > 應該支持同時訂閱多個會話
 FAIL  src/services/__tests__/websocketManager.test.ts > WebSocketManager > 會話訂閱管理 > 應該返回當前訂閱的會話列表
 FAIL  src/services/__tests__/websocketManager.test.ts > WebSocketManager > 訊息處理 > 應該處理新訊息事件
 FAIL  src/services/__tests__/websocketManager.test.ts > WebSocketManager > 訊息處理 > 應該處理會話更新事件
 FAIL  src/services/__tests__/websocketManager.test.ts > WebSocketManager > 訊息處理 > 應該過濾非訂閱會話的訊息
 FAIL  src/services/__tests__/websocketManager.test.ts > WebSocketManager > 打字指示器 > 應該處理打字開始事件
 FAIL  src/services/__tests__/websocketManager.test.ts > WebSocketManager > 打字指示器 > 應該處理打字停止事件
 FAIL  src/services/__tests__/websocketManager.test.ts > WebSocketManager > 打字指示器 > 應該支持多個用戶同時打字
 FAIL  src/services/__tests__/websocketManager.test.ts > WebSocketManager > 打字指示器 > 應該返回指定會話的打字用戶列表
 FAIL  src/services/__tests__/websocketManager.test.ts > WebSocketManager > 用戶在線狀態 > 應該處理用戶在線狀態更新
 FAIL  src/services/__tests__/websocketManager.test.ts > WebSocketManager > 用戶在線狀態 > 應該處理用戶離線狀態
 FAIL  src/services/__tests__/websocketManager.test.ts > WebSocketManager > 用戶在線狀態 > 應該返回用戶在線狀態
 FAIL  src/services/__tests__/websocketManager.test.ts > WebSocketManager > 用戶在線狀態 > 應該支持多個用戶在線狀態
 FAIL  src/services/__tests__/websocketManager.test.ts > WebSocketManager > 事件回調 > 應該支持註冊事件監聽器
 FAIL  src/services/__tests__/websocketManager.test.ts > WebSocketManager > 事件回調 > 應該支持註冊多個事件監聽器
 FAIL  src/services/__tests__/websocketManager.test.ts > WebSocketManager > 事件回調 > 應該觸發連接狀態變化回調
 FAIL  src/services/__tests__/websocketManager.test.ts > WebSocketManager > 事件回調 > 應該觸發錯誤回調
 FAIL  src/services/__tests__/websocketManager.test.ts > WebSocketManager > 統計數據 > 應該統計接收的訊息數量
 FAIL  src/services/__tests__/websocketManager.test.ts > WebSocketManager > 統計數據 > 應該返回訊息隊列大小
 FAIL  src/services/__tests__/websocketManager.test.ts > WebSocketManager > 統計數據 > 應該提供連接統計信息
 FAIL  src/services/__tests__/websocketManager.test.ts > WebSocketManager > 會話活動追蹤 > 應該追蹤會話活動時間
 FAIL  src/services/__tests__/websocketManager.test.ts > WebSocketManager > 會話活動追蹤 > 應該統計會話訊息數量
 FAIL  src/services/__tests__/websocketManager.test.ts > WebSocketManager > 會話活動追蹤 > 應該標記會話為活動狀態
 FAIL  src/services/__tests__/websocketManager.test.ts > WebSocketManager > 清理和重置 > 應該在斷開連接時清理所有訂閱
 FAIL  src/services/__tests__/websocketManager.test.ts > WebSocketManager > 清理和重置 > 應該在斷開連接時清理用戶狀態
 FAIL  src/services/__tests__/websocketManager.test.ts > WebSocketManager > 清理和重置 > 應該重置統計數據
TypeError: this.client.setEventHandlers is not a function
 ❯ WebSocketManager.setupEventHandlers src/services/websocketManager.ts:248:17
    246|   // Private methods
    247|   private setupEventHandlers(): void {
    248|     this.client.setEventHandlers({
       |                 ^
    249|       onMessage: (message: WebSocketMessage) => this.handleMessage(mes…
    250|       onConnectionChange: (state: WebSocketConnectionState) => this.ha…
 ❯ new WebSocketManager src/services/websocketManager.ts:88:10
 ❯ src/services/__tests__/websocketManager.test.ts:69:15

⎯⎯⎯⎯⎯⎯⎯⎯⎯⎯⎯⎯⎯⎯⎯⎯⎯⎯⎯⎯⎯⎯⎯[1/83]⎯

 FAIL  src/services/__tests__/websocketManager.test.ts > WebSocketManager > 連接管理 > 應該成功建立連接
 FAIL  src/services/__tests__/websocketManager.test.ts > WebSocketManager > 連接管理 > 應該在沒有 token 時拋出錯誤
 FAIL  src/services/__tests__/websocketManager.test.ts > WebSocketManager > 連接管理 > 應該正確斷開連接
 FAIL  src/services/__tests__/websocketManager.test.ts > WebSocketManager > 連接管理 > 應該在連接時開始計算運行時間
 FAIL  src/services/__tests__/websocketManager.test.ts > WebSocketManager > 連接管理 > 應該在斷開時停止運行時間計算
 FAIL  src/services/__tests__/websocketManager.test.ts > WebSocketManager > 會話訂閱管理 > 應該成功訂閱會話
 FAIL  src/services/__tests__/websocketManager.test.ts > WebSocketManager > 會話訂閱管理 > 應該成功取消訂閱會話
 FAIL  src/services/__tests__/websocketManager.test.ts > WebSocketManager > 會話訂閱管理 > 應該防止重複訂閱同一個會話
 FAIL  src/services/__tests__/websocketManager.test.ts > WebSocketManager > 會話訂閱管理 > 應該支持同時訂閱多個會話
 FAIL  src/services/__tests__/websocketManager.test.ts > WebSocketManager > 會話訂閱管理 > 應該返回當前訂閱的會話列表
 FAIL  src/services/__tests__/websocketManager.test.ts > WebSocketManager > 訊息處理 > 應該處理新訊息事件
 FAIL  src/services/__tests__/websocketManager.test.ts > WebSocketManager > 訊息處理 > 應該處理會話更新事件
 FAIL  src/services/__tests__/websocketManager.test.ts > WebSocketManager > 訊息處理 > 應該過濾非訂閱會話的訊息
 FAIL  src/services/__tests__/websocketManager.test.ts > WebSocketManager > 打字指示器 > 應該處理打字開始事件
 FAIL  src/services/__tests__/websocketManager.test.ts > WebSocketManager > 打字指示器 > 應該處理打字停止事件
 FAIL  src/services/__tests__/websocketManager.test.ts > WebSocketManager > 打字指示器 > 應該支持多個用戶同時打字
 FAIL  src/services/__tests__/websocketManager.test.ts > WebSocketManager > 打字指示器 > 應該返回指定會話的打字用戶列表
 FAIL  src/services/__tests__/websocketManager.test.ts > WebSocketManager > 用戶在線狀態 > 應該處理用戶在線狀態更新
 FAIL  src/services/__tests__/websocketManager.test.ts > WebSocketManager > 用戶在線狀態 > 應該處理用戶離線狀態
 FAIL  src/services/__tests__/websocketManager.test.ts > WebSocketManager > 用戶在線狀態 > 應該返回用戶在線狀態
 FAIL  src/services/__tests__/websocketManager.test.ts > WebSocketManager > 用戶在線狀態 > 應該支持多個用戶在線狀態
 FAIL  src/services/__tests__/websocketManager.test.ts > WebSocketManager > 事件回調 > 應該支持註冊事件監聽器
 FAIL  src/services/__tests__/websocketManager.test.ts > WebSocketManager > 事件回調 > 應該支持註冊多個事件監聽器
 FAIL  src/services/__tests__/websocketManager.test.ts > WebSocketManager > 事件回調 > 應該觸發連接狀態變化回調
 FAIL  src/services/__tests__/websocketManager.test.ts > WebSocketManager > 事件回調 > 應該觸發錯誤回調
 FAIL  src/services/__tests__/websocketManager.test.ts > WebSocketManager > 統計數據 > 應該統計接收的訊息數量
 FAIL  src/services/__tests__/websocketManager.test.ts > WebSocketManager > 統計數據 > 應該返回訊息隊列大小
 FAIL  src/services/__tests__/websocketManager.test.ts > WebSocketManager > 統計數據 > 應該提供連接統計信息
 FAIL  src/services/__tests__/websocketManager.test.ts > WebSocketManager > 會話活動追蹤 > 應該追蹤會話活動時間
 FAIL  src/services/__tests__/websocketManager.test.ts > WebSocketManager > 會話活動追蹤 > 應該統計會話訊息數量
 FAIL  src/services/__tests__/websocketManager.test.ts > WebSocketManager > 會話活動追蹤 > 應該標記會話為活動狀態
 FAIL  src/services/__tests__/websocketManager.test.ts > WebSocketManager > 清理和重置 > 應該在斷開連接時清理所有訂閱
 FAIL  src/services/__tests__/websocketManager.test.ts > WebSocketManager > 清理和重置 > 應該在斷開連接時清理用戶狀態
 FAIL  src/services/__tests__/websocketManager.test.ts > WebSocketManager > 清理和重置 > 應該重置統計數據
TypeError: Cannot read properties of undefined (reading 'disconnect')
 ❯ src/services/__tests__/websocketManager.test.ts:75:13
     73| 
     74|   afterEach(() => {
     75|     manager.disconnect()
       |             ^
     76|   })
     77| 

⎯⎯⎯⎯⎯⎯⎯⎯⎯⎯⎯⎯⎯⎯⎯⎯⎯⎯⎯⎯⎯⎯⎯[2/83]⎯

 FAIL  src/stores/__tests__/messages.test.ts > Messages Store > 載入訊息 > 應該在載入時設置 loading 狀態
Error: Test timed out in 20000ms.
If this is a long-running test, pass a timeout value as the last argument or configure it globally with "testTimeout".
 ❯ src/stores/__tests__/messages.test.ts:136:5
    134|     })
    135| 
    136|     it('應該在載入時設置 loading 狀態', async () => {
       |     ^
    137|       mockMessageApi.list.mockImplementation(
    138|         () => new Promise(resolve => setTimeout(() => resolve({ succes…

⎯⎯⎯⎯⎯⎯⎯⎯⎯⎯⎯⎯⎯⎯⎯⎯⎯⎯⎯⎯⎯⎯⎯[3/83]⎯

 FAIL  src/stores/__tests__/messages.test.ts > Messages Store > 載入訊息 > 應該處理網路錯誤
AssertionError: expected 'Network error' to contain '網路錯誤'

Expected: [32m"網路錯誤"[39m
Received: [31m"Network error"[39m

 ❯ src/stores/__tests__/messages.test.ts:172:27
    170| 
    171|       expect(store.error).toBeTruthy()
    172|       expect(store.error).toContain('網路錯誤')
       |                           ^
    173|     })
    174| 

⎯⎯⎯⎯⎯⎯⎯⎯⎯⎯⎯⎯⎯⎯⎯⎯⎯⎯⎯⎯⎯⎯⎯[4/83]⎯

 FAIL  src/stores/__tests__/messages.test.ts > Messages Store > 發送訊息 > 應該成功發送訊息
AssertionError: expected false to deeply equal { id: 'msg-new', …(7) }

[32m- Expected:[39m 
{
  "content": "Test message",
  "conversationId": "conv-1",
  "createdAt": "2025-11-24T06:34:53.758Z",
  "id": "msg-new",
  "metadata": {},
  "platform": "line",
  "senderId": "user-1",
  "senderType": "agent",
}

[31m+ Received:[39m 
false

 ❯ src/stores/__tests__/messages.test.ts:237:22
    235|       const result = await store.sendMessage(newMessage)
    236| 
    237|       expect(result).toEqual(createdMessage)
       |                      ^
    238|       expect(store.messages).toContainEqual(createdMessage)
    239|       expect(store.sendingMessage).toBe(false)

⎯⎯⎯⎯⎯⎯⎯⎯⎯⎯⎯⎯⎯⎯⎯⎯⎯⎯⎯⎯⎯⎯⎯[5/83]⎯

 FAIL  src/stores/__tests__/messages.test.ts > Messages Store > 發送訊息 > 應該使用樂觀更新
AssertionError: expected 0 to be greater than 0
 ❯ src/stores/__tests__/messages.test.ts:260:47
    258| 
    259|       // 應該有樂觀訊息
    260|       expect(store.optimisticMessages.length).toBeGreaterThan(0)
       |                                               ^
    261|       expect(store.sendingMessage).toBe(true)
    262| 

⎯⎯⎯⎯⎯⎯⎯⎯⎯⎯⎯⎯⎯⎯⎯⎯⎯⎯⎯⎯⎯⎯⎯[6/83]⎯

 FAIL  src/stores/__tests__/messages.test.ts > Messages Store > 發送訊息 > 應該處理發送失敗並回滾樂觀更新
AssertionError: expected null to be truthy

[32m- Expected:[39m 
true

[31m+ Received:[39m 
null

 ❯ src/stores/__tests__/messages.test.ts:285:27
    283|       await store.sendMessage(newMessage)
    284| 
    285|       expect(store.error).toBeTruthy()
       |                           ^
    286|       expect(store.optimisticMessages).toEqual([])
    287|       expect(store.sendingMessage).toBe(false)

⎯⎯⎯⎯⎯⎯⎯⎯⎯⎯⎯⎯⎯⎯⎯⎯⎯⎯⎯⎯⎯⎯⎯[7/83]⎯

 FAIL  src/stores/__tests__/messages.test.ts > Messages Store > 發送訊息 > 應該在發送時設置正確的狀態
AssertionError: expected false to be true // Object.is equality

[32m- Expected[39m
[31m+ Received[39m

[32m- true[39m
[31m+ false[39m

 ❯ src/stores/__tests__/messages.test.ts:304:36
    302|       const sendPromise = store.sendMessage(newMessage)
    303| 
    304|       expect(store.sendingMessage).toBe(true)
       |                                    ^
    305| 
    306|       await sendPromise

⎯⎯⎯⎯⎯⎯⎯⎯⎯⎯⎯⎯⎯⎯⎯⎯⎯⎯⎯⎯⎯⎯⎯[8/83]⎯

 FAIL  src/stores/__tests__/messages.test.ts > Messages Store > 訊息過濾 > 應該根據 senderType 過濾訊息
TypeError: store.setFilter is not a function
 ❯ src/stores/__tests__/messages.test.ts:361:13
    359|     it('應該根據 senderType 過濾訊息', () => {
    360|       const store = useMessagesStore()
    361|       store.setFilter('senderType', 'customer')
       |             ^
    362| 
    363|       const filtered = store.filteredMessages

⎯⎯⎯⎯⎯⎯⎯⎯⎯⎯⎯⎯⎯⎯⎯⎯⎯⎯⎯⎯⎯⎯⎯[9/83]⎯

 FAIL  src/stores/__tests__/messages.test.ts > Messages Store > 訊息過濾 > 應該根據 platform 過濾訊息
TypeError: store.setFilter is not a function
 ❯ src/stores/__tests__/messages.test.ts:370:13
    368|     it('應該根據 platform 過濾訊息', () => {
    369|       const store = useMessagesStore()
    370|       store.setFilter('platform', 'line')
       |             ^
    371| 
    372|       const filtered = store.filteredMessages

⎯⎯⎯⎯⎯⎯⎯⎯⎯⎯⎯⎯⎯⎯⎯⎯⎯⎯⎯⎯⎯⎯[10/83]⎯

 FAIL  src/stores/__tests__/messages.test.ts > Messages Store > 訊息過濾 > 應該根據 messageType 過濾訊息
TypeError: store.setFilter is not a function
 ❯ src/stores/__tests__/messages.test.ts:379:13
    377|     it('應該根據 messageType 過濾訊息', () => {
    378|       const store = useMessagesStore()
    379|       store.setFilter('messageType', 'image')
       |             ^
    380| 
    381|       const filtered = store.filteredMessages

⎯⎯⎯⎯⎯⎯⎯⎯⎯⎯⎯⎯⎯⎯⎯⎯⎯⎯⎯⎯⎯⎯[11/83]⎯

 FAIL  src/stores/__tests__/messages.test.ts > Messages Store > 訊息過濾 > 應該支持多重過濾
TypeError: store.setFilter is not a function
 ❯ src/stores/__tests__/messages.test.ts:388:13
    386|     it('應該支持多重過濾', () => {
    387|       const store = useMessagesStore()
    388|       store.setFilter('conversationId', 'conv-1')
       |             ^
    389|       store.setFilter('senderType', 'customer')
    390| 

⎯⎯⎯⎯⎯⎯⎯⎯⎯⎯⎯⎯⎯⎯⎯⎯⎯⎯⎯⎯⎯⎯[12/83]⎯

 FAIL  src/stores/__tests__/messages.test.ts > Messages Store > 訊息過濾 > 應該能夠清除過濾器
TypeError: store.setFilter is not a function
 ❯ src/stores/__tests__/messages.test.ts:399:13
    397|     it('應該能夠清除過濾器', () => {
    398|       const store = useMessagesStore()
    399|       store.setFilter('senderType', 'customer')
       |             ^
    400|       store.clearFilters()
    401| 

⎯⎯⎯⎯⎯⎯⎯⎯⎯⎯⎯⎯⎯⎯⎯⎯⎯⎯⎯⎯⎯⎯[13/83]⎯

 FAIL  src/stores/__tests__/messages.test.ts > Messages Store > 訊息操作 > 應該成功更新訊息
TypeError: messageIndexService.updateMessage is not a function
 ❯ Proxy.updateMessage src/stores/messages.ts:181:29
    179|       const updatedMessage = messages.value[messageIndex]
    180|       if (updatedMessage) {
    181|         messageIndexService.updateMessage(updatedMessage)
       |                             ^
    182|       }
    183|     }
 ❯ Proxy.wrappedAction node_modules/pinia/dist/pinia.mjs:1394:26
 ❯ src/stores/__tests__/messages.test.ts:636:19

⎯⎯⎯⎯⎯⎯⎯⎯⎯⎯⎯⎯⎯⎯⎯⎯⎯⎯⎯⎯⎯⎯[14/83]⎯

 FAIL  src/stores/__tests__/messages.test.ts > Messages Store > 訊息操作 > 應該成功刪除訊息
TypeError: store.deleteMessage is not a function
 ❯ src/stores/__tests__/messages.test.ts:671:19
    669|       ]
    670| 
    671|       await store.deleteMessage('msg-1')
       |                   ^
    672| 
    673|       expect(store.messages).toHaveLength(1)

⎯⎯⎯⎯⎯⎯⎯⎯⎯⎯⎯⎯⎯⎯⎯⎯⎯⎯⎯⎯⎯⎯[15/83]⎯

 FAIL  src/stores/__tests__/messages.test.ts > Messages Store > 訊息索引 > 應該在載入訊息後建立索引
AssertionError: expected "spy" to be called with arguments: [ [ { id: 'msg-1', …(7) } ] ][90m

Number of calls: [1m0[22m
[39m
 ❯ src/stores/__tests__/messages.test.ts:702:53
    700|       await store.fetchMessages('conv-1')
    701| 
    702|       expect(mockMessageIndexService.indexMessages).toHaveBeenCalledWi…
       |                                                     ^
    703|     })
    704| 

⎯⎯⎯⎯⎯⎯⎯⎯⎯⎯⎯⎯⎯⎯⎯⎯⎯⎯⎯⎯⎯⎯[16/83]⎯

 FAIL  src/stores/__tests__/messages.test.ts > Messages Store > 訊息索引 > 應該支持訊息搜索
TypeError: store.searchMessages is not a function
 ❯ src/stores/__tests__/messages.test.ts:722:35
    720| 
    721|       const store = useMessagesStore()
    722|       const results = await store.searchMessages('Found')
       |                                   ^
    723| 
    724|       expect(mockMessageIndexService.search).toHaveBeenCalledWith('Fou…

⎯⎯⎯⎯⎯⎯⎯⎯⎯⎯⎯⎯⎯⎯⎯⎯⎯⎯⎯⎯⎯⎯[17/83]⎯


 Test Files  2 failed | 29 passed (31)
      Tests  49 failed | 571 passed (620)
   Start at  06:34:26
   Duration  27.30s (transform 11.40s, setup 12.71s, collect 18.15s, tests 57.60s, environment 134.94s, prepare 11.18s)

