npm error Missing script: "test"
npm error
npm error To see a list of scripts, run:
npm error   npm run
npm error A complete log of this run can be found in: C:\Users\DAC\AppData\Local\npm-cache\_logs\2025-11-18T14_31_49_387Z-debug-0.log
